Component: ARM Compiler 5.06 update 6 (build 750) Tool: armlink [4d35ed]

==============================================================================

Section Cross References

    startup_stm32f100xb.o(STACK) refers (Special) to heapauxi.o(.text) for __use_two_region_memory
    startup_stm32f100xb.o(HEAP) refers (Special) to heapauxi.o(.text) for __use_two_region_memory
    startup_stm32f100xb.o(RESET) refers (Special) to heapauxi.o(.text) for __use_two_region_memory
    startup_stm32f100xb.o(RESET) refers to startup_stm32f100xb.o(STACK) for __initial_sp
    startup_stm32f100xb.o(RESET) refers to startup_stm32f100xb.o(.text) for Reset_Handler
    startup_stm32f100xb.o(RESET) refers to stm32f1xx_it.o(i.NMI_Handler) for NMI_Handler
    startup_stm32f100xb.o(RESET) refers to stm32f1xx_it.o(i.HardFault_Handler) for HardFault_Handler
    startup_stm32f100xb.o(RESET) refers to stm32f1xx_it.o(i.MemManage_Handler) for MemManage_Handler
    startup_stm32f100xb.o(RESET) refers to stm32f1xx_it.o(i.BusFault_Handler) for BusFault_Handler
    startup_stm32f100xb.o(RESET) refers to stm32f1xx_it.o(i.UsageFault_Handler) for UsageFault_Handler
    startup_stm32f100xb.o(RESET) refers to stm32f1xx_it.o(i.SVC_Handler) for SVC_Handler
    startup_stm32f100xb.o(RESET) refers to stm32f1xx_it.o(i.DebugMon_Handler) for DebugMon_Handler
    startup_stm32f100xb.o(RESET) refers to stm32f1xx_it.o(i.PendSV_Handler) for PendSV_Handler
    startup_stm32f100xb.o(RESET) refers to stm32f1xx_it.o(i.SysTick_Handler) for SysTick_Handler
    startup_stm32f100xb.o(RESET) refers to stm32f1xx_it.o(i.DMA1_Channel1_IRQHandler) for DMA1_Channel1_IRQHandler
    startup_stm32f100xb.o(RESET) refers to stm32f1xx_it.o(i.DMA1_Channel3_IRQHandler) for DMA1_Channel3_IRQHandler
    startup_stm32f100xb.o(.text) refers (Special) to heapauxi.o(.text) for __use_two_region_memory
    startup_stm32f100xb.o(.text) refers to system_stm32f1xx.o(i.SystemInit) for SystemInit
    startup_stm32f100xb.o(.text) refers to __main.o(!!!main) for __main
    startup_stm32f100xb.o(.text) refers to startup_stm32f100xb.o(HEAP) for Heap_Mem
    startup_stm32f100xb.o(.text) refers to startup_stm32f100xb.o(STACK) for Stack_Mem
    main.o(i.MX_ADC1_Init) refers to stm32f1xx_hal_adc.o(i.HAL_ADC_Init) for HAL_ADC_Init
    main.o(i.MX_ADC1_Init) refers to stm32f1xx_hal_adc.o(i.HAL_ADC_ConfigChannel) for HAL_ADC_ConfigChannel
    main.o(i.MX_ADC1_Init) refers to main.o(.bss) for .bss
    main.o(i.MX_TIM3_Init) refers to stm32f1xx_hal_tim.o(i.HAL_TIM_Base_Init) for HAL_TIM_Base_Init
    main.o(i.MX_TIM3_Init) refers to stm32f1xx_hal_tim.o(i.HAL_TIM_ConfigClockSource) for HAL_TIM_ConfigClockSource
    main.o(i.MX_TIM3_Init) refers to stm32f1xx_hal_tim_ex.o(i.HAL_TIMEx_MasterConfigSynchronization) for HAL_TIMEx_MasterConfigSynchronization
    main.o(i.MX_TIM3_Init) refers to main.o(.bss) for .bss
    main.o(i.SystemClock_Config) refers to rt_memclr_w.o(.text) for __aeabi_memclr4
    main.o(i.SystemClock_Config) refers to stm32f1xx_hal_rcc.o(i.HAL_RCC_OscConfig) for HAL_RCC_OscConfig
    main.o(i.SystemClock_Config) refers to stm32f1xx_hal_rcc.o(i.HAL_RCC_ClockConfig) for HAL_RCC_ClockConfig
    main.o(i.SystemClock_Config) refers to stm32f1xx_hal_rcc_ex.o(i.HAL_RCCEx_PeriphCLKConfig) for HAL_RCCEx_PeriphCLKConfig
    main.o(i.calcsin) refers to dflt_clz.o(x$fpl$dflt) for __aeabi_i2d
    main.o(i.calcsin) refers to dmul.o(x$fpl$dmul) for __aeabi_dmul
    main.o(i.calcsin) refers to ddiv.o(x$fpl$ddiv) for __aeabi_ddiv
    main.o(i.calcsin) refers to sin.o(i.sin) for sin
    main.o(i.calcsin) refers to daddsub_clz.o(x$fpl$dadd) for __aeabi_dadd
    main.o(i.calcsin) refers to scalbn.o(x$fpl$scalbn) for __ARM_scalbn
    main.o(i.calcsin) refers to dfixu.o(x$fpl$dfixu) for __aeabi_d2uiz
    main.o(i.calcsin) refers to main.o(.bss) for .bss
    main.o(i.main) refers to _printf_percent.o(.ARM.Collect$$_printf_percent$$00000000) for _printf_percent
    main.o(i.main) refers to _printf_d.o(.ARM.Collect$$_printf_percent$$00000009) for _printf_d
    main.o(i.main) refers to _printf_dec.o(.text) for _printf_int_dec
    main.o(i.main) refers to stm32f1xx_hal.o(i.HAL_Init) for HAL_Init
    main.o(i.main) refers to main.o(i.SystemClock_Config) for SystemClock_Config
    main.o(i.main) refers to stm32f1xx_hal_cortex.o(i.HAL_NVIC_SetPriority) for HAL_NVIC_SetPriority
    main.o(i.main) refers to stm32f1xx_hal_cortex.o(i.HAL_NVIC_EnableIRQ) for HAL_NVIC_EnableIRQ
    main.o(i.main) refers to stm32f1xx_hal_dac.o(i.HAL_DAC_Init) for HAL_DAC_Init
    main.o(i.main) refers to stm32f1xx_hal_dac.o(i.HAL_DAC_ConfigChannel) for HAL_DAC_ConfigChannel
    main.o(i.main) refers to main.o(i.MX_ADC1_Init) for MX_ADC1_Init
    main.o(i.main) refers to main.o(i.MX_TIM3_Init) for MX_TIM3_Init
    main.o(i.main) refers to stm32f1xx_hal_uart.o(i.HAL_UART_Init) for HAL_UART_Init
    main.o(i.main) refers to stm32f1xx_hal_tim.o(i.HAL_TIM_Base_Start) for HAL_TIM_Base_Start
[...]
    ../clib/angel/kernel.s                   0x00000000   Number         0  rtexit2.o ABSOLUTE
    ../clib/angel/kernel.s                   0x00000000   Number         0  __rtentry.o ABSOLUTE
    ../clib/angel/rt.s                       0x00000000   Number         0  rt_errno_addr_intlibspace.o ABSOLUTE
    ../clib/angel/rt.s                       0x00000000   Number         0  rt_errno_addr.o ABSOLUTE
    ../clib/angel/rt.s                       0x00000000   Number         0  rt_raise.o ABSOLUTE
    ../clib/angel/scatter.s                  0x00000000   Number         0  __scatter.o ABSOLUTE
    ../clib/angel/startup.s                  0x00000000   Number         0  __main.o ABSOLUTE
    ../clib/angel/sys.s                      0x00000000   Number         0  use_no_semi.o ABSOLUTE
    ../clib/angel/sys.s                      0x00000000   Number         0  indicate_semi.o ABSOLUTE
    ../clib/angel/sys.s                      0x00000000   Number         0  sys_stackheap_outer.o ABSOLUTE
    ../clib/angel/sys.s                      0x00000000   Number         0  libspace.o ABSOLUTE
    ../clib/angel/sysapp.c                   0x00000000   Number         0  sys_command.o ABSOLUTE
    ../clib/angel/sysapp.c                   0x00000000   Number         0  sys_exit.o ABSOLUTE
    ../clib/angel/sysapp.c                   0x00000000   Number         0  sys_wrch.o ABSOLUTE
    ../clib/armsys.c                         0x00000000   Number         0  no_argv.o ABSOLUTE
    ../clib/armsys.c                         0x00000000   Number         0  argv_veneer.o ABSOLUTE
    ../clib/armsys.c                         0x00000000   Number         0  _get_argv_nomalloc.o ABSOLUTE
    ../clib/armsys.c                         0x00000000   Number         0  argv_veneer.o ABSOLUTE
    ../clib/fenv.c                           0x00000000   Number         0  _rserrno.o ABSOLUTE
    ../clib/heapalloc.c                      0x00000000   Number         0  hrguard.o ABSOLUTE
    ../clib/heapaux.c                        0x00000000   Number         0  heapauxi.o ABSOLUTE
    ../clib/libinit.s                        0x00000000   Number         0  libshutdown.o ABSOLUTE
    ../clib/libinit.s                        0x00000000   Number         0  libshutdown2.o ABSOLUTE
    ../clib/libinit.s                        0x00000000   Number         0  libinit.o ABSOLUTE
    ../clib/libinit.s                        0x00000000   Number         0  libinit2.o ABSOLUTE
    ../clib/longlong.s                       0x00000000   Number         0  llushr.o ABSOLUTE
    ../clib/memcpset.s                       0x00000000   Number         0  rt_memclr_w.o ABSOLUTE
    ../clib/printf.c                         0x00000000   Number         0  __printf_nopercent.o ABSOLUTE
    ../clib/printf.c                         0x00000000   Number         0  _sputc.o ABSOLUTE
    ../clib/printf.c                         0x00000000   Number         0  _printf_char_common.o ABSOLUTE
    ../clib/printf.c                         0x00000000   Number         0  __2sprintf.o ABSOLUTE
    ../clib/printf.c                         0x00000000   Number         0  noretval__2sprintf.o ABSOLUTE
    ../clib/printf.c                         0x00000000   Number         0  _printf_dec.o ABSOLUTE
    ../clib/printf.c                         0x00000000   Number         0  __printf_flags.o ABSOLUTE
    ../clib/printf.c                         0x00000000   Number         0  __printf_ss.o ABSOLUTE
    ../clib/printf.c                         0x00000000   Number         0  __printf_flags_ss.o ABSOLUTE
    ../clib/printf.c                         0x00000000   Number         0  __printf_wp.o ABSOLUTE
    ../clib/printf.c                         0x00000000   Number         0  __printf_flags_wp.o ABSOLUTE
    ../clib/printf.c                         0x00000000   Number         0  __printf_ss_wp.o ABSOLUTE
    ../clib/printf.c                         0x00000000   Number         0  __printf_flags_ss_wp.o ABSOLUTE
    ../clib/printf.c                         0x00000000   Number         0  __printf.o ABSOLUTE
    ../clib/printf.c                         0x00000000   Number         0  _printf_intcommon.o ABSOLUTE
    ../clib/printf_percent.s                 0x00000000   Number         0  _printf_d.o ABSOLUTE
    ../clib/printf_percent.s                 0x00000000   Number         0  _printf_percent.o ABSOLUTE
    ../clib/printf_percent.s                 0x00000000   Number         0  _printf_percent_end.o ABSOLUTE
    ../clib/signal.c                         0x00000000   Number         0  defsig_general.o ABSOLUTE
    ../clib/signal.c                         0x00000000   Number         0  defsig_exit.o ABSOLUTE
    ../clib/signal.c                         0x00000000   Number         0  defsig_rtmem_inner.o ABSOLUTE
    ../clib/signal.c                         0x00000000   Number         0  __raise.o ABSOLUTE
    ../clib/signal.c                         0x00000000   Number         0  defsig_rtred_inner.o ABSOLUTE
    ../clib/signal.c                         0x00000000   Number         0  defsig_rtmem_formal.o ABSOLUTE
    ../clib/signal.c                         0x00000000   Number         0  defsig_fpe_inner.o ABSOLUTE
    ../clib/signal.c                         0x00000000   Number         0  defsig_abrt_inner.o ABSOLUTE
    ../clib/signal.c                         0x00000000   Number         0  defsig_stak_inner.o ABSOLUTE
    ../clib/signal.c                         0x00000000   Number         0  defsig_pvfn_inner.o ABSOLUTE
    ../clib/signal.c                         0x00000000   Number         0  defsig_cppl_inner.o ABSOLUTE
    ../clib/signal.c                         0x00000000   Number         0  defsig_segv_inner.o ABSOLUTE
    ../clib/signal.c                         0x00000000   Number         0  defsig_other.o ABSOLUTE
    ../clib/signal.c                         0x00000000   Number         0  defsig_rtmem_outer.o ABSOLUTE
    ../clib/signal.s                         0x00000000   Number         0  defsig.o ABSOLUTE
    ../clib/stdlib.c                         0x00000000   Number         0  exit.o ABSOLUTE
    ../fplib/daddsub.s                       0x00000000   Number         0  daddsub_clz.o ABSOLUTE
    ../fplib/dcheck1.s                       0x00000000   Number         0  dcheck1.o ABSOLUTE
    ../fplib/ddiv.s                          0x00000000   Number         0  ddiv.o ABSOLUTE
    ../fplib/dfix.s                          0x00000000   Number         0  dfix.o ABSOLUTE
    ../fplib/dfixu.s                         0x00000000   Number         0  dfixu.o ABSOLUTE
    ../fplib/dflt.s                          0x00000000   Number         0  dflt_clz.o ABSOLUTE
    ../fplib/dmul.s                          0x00000000   Number         0  dmul.o ABSOLUTE
    ../fplib/dnaninf.s                       0x00000000   Number         0  dnaninf.o ABSOLUTE
    ../fplib/dretinf.s                       0x00000000   Number         0  dretinf.o ABSOLUTE
    ../fplib/fpinit.s                        0x00000000   Number         0  fpinit.o ABSOLUTE
    ../fplib/retnan.s                        0x00000000   Number         0  retnan.o ABSOLUTE
    ../fplib/scalbn.s                        0x00000000   Number         0  scalbn.o ABSOLUTE
    ../fplib/trapv.s                         0x00000000   Number         0  trapv.o ABSOLUTE
    ../fplib/usenofp.s                       0x00000000   Number         0  usenofp.o ABSOLUTE
    ../mathlib/cos_i.c                       0x00000000   Number         0  cos_i.o ABSOLUTE
    ../mathlib/dunder.c                      0x00000000   Number         0  dunder.o ABSOLUTE
    ../mathlib/fpclassify.c                  0x00000000   Number         0  fpclassify.o ABSOLUTE
    ../mathlib/poly.c                        0x00000000   Number         0  poly.o ABSOLUTE
    ../mathlib/rred.c                        0x00000000   Number         0  rred.o ABSOLUTE
    ../mathlib/sin.c                         0x00000000   Number         0  sin_x.o ABSOLUTE
    ../mathlib/sin.c                         0x00000000   Number         0  sin.o ABSOLUTE
    ../mathlib/sin_i.c                       0x00000000   Number         0  sin_i.o ABSOLUTE
    ../mathlib/sin_i.c                       0x00000000   Number         0  sin_i_x.o ABSOLUTE
    ..\Core\Src\main.c                       0x00000000   Number         0  main.o ABSOLUTE
    ..\Core\Src\stm32f1xx_hal_msp.c          0x00000000   Number         0  stm32f1xx_hal_msp.o ABSOLUTE
    ..\Core\Src\stm32f1xx_it.c               0x00000000   Number         0  stm32f1xx_it.o ABSOLUTE
    ..\Core\Src\system_stm32f1xx.c           0x00000000   Number         0  system_stm32f1xx.o ABSOLUTE
    ..\Drivers\STM32F1xx_HAL_Driver\Src\stm32f1xx_hal.c 0x00000000   Number         0  stm32f1xx_hal.o ABSOLUTE
    ..\Drivers\STM32F1xx_HAL_Driver\Src\stm32f1xx_hal_adc.c 0x00000000   Number         0  stm32f1xx_hal_adc.o ABSOLUTE
    ..\Drivers\STM32F1xx_HAL_Driver\Src\stm32f1xx_hal_adc_ex.c 0x00000000   Number         0  stm32f1xx_hal_adc_ex.o ABSOLUTE
    ..\Drivers\STM32F1xx_HAL_Driver\Src\stm32f1xx_hal_cortex.c 0x00000000   Number         0  stm32f1xx_hal_cortex.o ABSOLUTE
    ..\Drivers\STM32F1xx_HAL_Driver\Src\stm32f1xx_hal_dac.c 0x00000000   Number         0  stm32f1xx_hal_dac.o ABSOLUTE
    ..\Drivers\STM32F1xx_HAL_Driver\Src\stm32f1xx_hal_dac_ex.c 0x00000000   Number         0  stm32f1xx_hal_dac_ex.o ABSOLUTE
    ..\Drivers\STM32F1xx_HAL_Driver\Src\stm32f1xx_hal_dma.c 0x00000000   Number         0  stm32f1xx_hal_dma.o ABSOLUTE
    ..\Drivers\STM32F1xx_HAL_Driver\Src\stm32f1xx_hal_exti.c 0x00000000   Number         0  stm32f1xx_hal_exti.o ABSOLUTE
    ..\Drivers\STM32F1xx_HAL_Driver\Src\stm32f1xx_hal_flash.c 0x00000000   Number         0  stm32f1xx_hal_flash.o ABSOLUTE
    ..\Drivers\STM32F1xx_HAL_Driver\Src\stm32f1xx_hal_flash_ex.c 0x00000000   Number         0  stm32f1xx_hal_flash_ex.o ABSOLUTE
    ..\Drivers\STM32F1xx_HAL_Driver\Src\stm32f1xx_hal_gpio.c 0x00000000   Number         0  stm32f1xx_hal_gpio.o ABSOLUTE
    ..\Drivers\STM32F1xx_HAL_Driver\Src\stm32f1xx_hal_gpio_ex.c 0x00000000   Number         0  stm32f1xx_hal_gpio_ex.o ABSOLUTE
    ..\Drivers\STM32F1xx_HAL_Driver\Src\stm32f1xx_hal_pwr.c 0x00000000   Number         0  stm32f1xx_hal_pwr.o ABSOLUTE
    ..\Drivers\STM32F1xx_HAL_Driver\Src\stm32f1xx_hal_rcc.c 0x00000000   Number         0  stm32f1xx_hal_rcc.o ABSOLUTE
    ..\Drivers\STM32F1xx_HAL_Driver\Src\stm32f1xx_hal_rcc_ex.c 0x00000000   Number         0  stm32f1xx_hal_rcc_ex.o ABSOLUTE
    ..\Drivers\STM32F1xx_HAL_Driver\Src\stm32f1xx_hal_tim.c 0x00000000   Number         0  stm32f1xx_hal_tim.o ABSOLUTE
    ..\Drivers\STM32F1xx_HAL_Driver\Src\stm32f1xx_hal_tim_ex.c 0x00000000   Number         0  stm32f1xx_hal_tim_ex.o ABSOLUTE
    ..\Drivers\STM32F1xx_HAL_Driver\Src\stm32f1xx_hal_uart.c 0x00000000   Number         0  stm32f1xx_hal_uart.o ABSOLUTE
    dc.s                                     0x00000000   Number         0  dc.o ABSOLUTE
    startup_stm32f100xb.s                    0x00000000   Number         0  startup_stm32f100xb.o ABSOLUTE
    RESET                                    0x08000000   Section      288  startup_stm32f100xb.o(RESET)
    !!!main                                  0x08000120   Section        8  __main.o(!!!main)
    !!!scatter                               0x08000128   Section       52  __scatter.o(!!!scatter)
    !!handler_copy                           0x0800015c   Section       26  __scatter_copy.o(!!handler_copy)
    !!handler_zi                             0x08000178   Section       28  __scatter_zi.o(!!handler_zi)
    .ARM.Collect$$_printf_percent$$00000000  0x08000194   Section        0  _printf_percent.o(.ARM.Collect$$_printf_percent$$00000000)
    .ARM.Collect$$_printf_percent$$00000009  0x08000194   Section        6  _printf_d.o(.ARM.Collect$$_printf_percent$$00000009)
    .ARM.Collect$$_printf_percent$$00000017  0x0800019a   Section        4  _printf_percent_end.o(.ARM.Collect$$_printf_percent$$00000017)
    .ARM.Collect$$libinit$$00000000          0x0800019e   Section        2  libinit.o(.ARM.Collect$$libinit$$00000000)
    .ARM.Collect$$libinit$$00000002          0x080001a0   Section        0  libinit2.o(.ARM.Collect$$libinit$$00000002)
    .ARM.Collect$$libinit$$00000004          0x080001a0   Section        0  libinit2.o(.ARM.Collect$$libinit$$00000004)
    .ARM.Collect$$libinit$$0000000A          0x080001a0   Section        0  libinit2.o(.ARM.Collect$$libinit$$0000000A)
    .ARM.Collect$$libinit$$0000000C          0x080001a0   Section        0  libinit2.o(.ARM.Collect$$libinit$$0000000C)
    .ARM.Collect$$libinit$$0000000E          0x080001a0   Section        0  libinit2.o(.ARM.Collect$$libinit$$0000000E)
    .ARM.Collect$$libinit$$00000011          0x080001a0   Section        0  libinit2.o(.ARM.Collect$$libinit$$00000011)
    .ARM.Collect$$libinit$$00000013          0x080001a0   Section        0  libinit2.o(.ARM.Collect$$libinit$$00000013)
    .ARM.Collect$$libinit$$00000015          0x080001a0   Section        0  libinit2.o(.ARM.Collect$$libinit$$00000015)
    .ARM.Collect$$libinit$$00000017          0x080001a0   Section        0  libinit2.o(.ARM.Collect$$libinit$$00000017)
    .ARM.Collect$$libinit$$00000019          0x080001a0   Section        0  libinit2.o(.ARM.Collect$$libinit$$00000019)
    .ARM.Collect$$libinit$$0000001B          0x080001a0   Section        0  libinit2.o(.ARM.Collect$$libinit$$0000001B)
    .ARM.Collect$$libinit$$0000001D          0x080001a0   Section        0  libinit2.o(.ARM.Collect$$libinit$$0000001D)
    .ARM.Collect$$libinit$$0000001F          0x080001a0   Section        0  libinit2.o(.ARM.Collect$$libinit$$0000001F)
    .ARM.Collect$$libinit$$00000021          0x080001a0   Section        0  libinit2.o(.ARM.Collect$$libinit$$00000021)
    .ARM.Collect$$libinit$$00000023          0x080001a0   Section        0  libinit2.o(.ARM.Collect$$libinit$$00000023)
    .ARM.Collect$$libinit$$00000025          0x080001a0   Section        0  libinit2.o(.ARM.Collect$$libinit$$00000025)
    .ARM.Collect$$libinit$$0000002C          0x080001a0   Section        0  libinit2.o(.ARM.Collect$$libinit$$0000002C)
    .ARM.Collect$$libinit$$0000002E          0x080001a0   Section        0  libinit2.o(.ARM.Collect$$libinit$$0000002E)
    .ARM.Collect$$libinit$$00000030          0x080001a0   Section        0  libinit2.o(.ARM.Collect$$libinit$$00000030)
    .ARM.Collect$$libinit$$00000032          0x080001a0   Section        0  libinit2.o(.ARM.Collect$$libinit$$00000032)
    .ARM.Collect$$libinit$$00000033          0x080001a0   Section        2  libinit2.o(.ARM.Collect$$libinit$$00000033)
    .ARM.Collect$$libshutdown$$00000000      0x080001a2   Section        2  libshutdown.o(.ARM.Collect$$libshutdown$$00000000)
    .ARM.Collect$$libshutdown$$00000002      0x080001a4   Section        0  libshutdown2.o(.ARM.Collect$$libshutdown$$00000002)
    .ARM.Collect$$libshutdown$$00000004      0x080001a4   Section        0  libshutdown2.o(.ARM.Collect$$libshutdown$$00000004)
    .ARM.Collect$$libshutdown$$00000007      0x080001a4   Section        0  libshutdown2.o(.ARM.Collect$$libshutdown$$00000007)
    .ARM.Collect$$libshutdown$$0000000A      0x080001a4   Section        0  libshutdown2.o(.ARM.Collect$$libshutdown$$0000000A)
    .ARM.Collect$$libshutdown$$0000000C      0x080001a4   Section        0  libshutdown2.o(.ARM.Collect$$libshutdown$$0000000C)
    .ARM.Collect$$libshutdown$$0000000F      0x080001a4   Section        0  libshutdown2.o(.ARM.Collect$$libshutdown$$0000000F)
    .ARM.Collect$$libshutdown$$00000010      0x080001a4   Section        2  libshutdown2.o(.ARM.Collect$$libshutdown$$00000010)
    .ARM.Collect$$rtentry$$00000000          0x080001a6   Section        0  __rtentry.o(.ARM.Collect$$rtentry$$00000000)
    .ARM.Collect$$rtentry$$00000002          0x080001a6   Section        0  __rtentry2.o(.ARM.Collect$$rtentry$$00000002)
    .ARM.Collect$$rtentry$$00000004          0x080001a6   Section        6  __rtentry4.o(.ARM.Collect$$rtentry$$00000004)
    .ARM.Collect$$rtentry$$00000009          0x080001ac   Section        0  __rtentry2.o(.ARM.Collect$$rtentry$$00000009)
    .ARM.Collect$$rtentry$$0000000A          0x080001ac   Section        4  __rtentry2.o(.ARM.Collect$$rtentry$$0000000A)
    .ARM.Collect$$rtentry$$0000000C          0x080001b0   Section        0  __rtentry2.o(.ARM.Collect$$rtentry$$0000000C)
    .ARM.Collect$$rtentry$$0000000D          0x080001b0   Section        8  __rtentry2.o(.ARM.Collect$$rtentry$$0000000D)
    .ARM.Collect$$rtexit$$00000000           0x080001b8   Section        2  rtexit.o(.ARM.Collect$$rtexit$$00000000)
    .ARM.Collect$$rtexit$$00000002           0x080001ba   Section        0  rtexit2.o(.ARM.Collect$$rtexit$$00000002)
    .ARM.Collect$$rtexit$$00000003           0x080001ba   Section        4  rtexit2.o(.ARM.Collect$$rtexit$$00000003)
    .ARM.Collect$$rtexit$$00000004           0x080001be   Section        6  rtexit2.o(.ARM.Collect$$rtexit$$00000004)
    .text                                    0x080001c4   Section       64  startup_stm32f100xb.o(.text)
    .text                                    0x08000204   Section        0  noretval__2sprintf.o(.text)
    .text                                    0x0800022c   Section        0  __printf.o(.text)
    .text                                    0x08000294   Section        0  _printf_dec.o(.text)
    .text                                    0x0800030c   Section       78  rt_memclr_w.o(.text)
    .text                                    0x0800035a   Section        0  heapauxi.o(.text)
    .text                                    0x08000360   Section        0  _rserrno.o(.text)
    .text                                    0x08000376   Section        0  _printf_intcommon.o(.text)
    .text                                    0x08000428   Section        0  _printf_char_common.o(.text)
    _printf_input_char                       0x08000429   Thumb Code    10  _printf_char_common.o(.text)
    .text                                    0x08000458   Section        0  _sputc.o(.text)
    .text                                    0x08000464   Section        8  rt_errno_addr_intlibspace.o(.text)
    .text                                    0x0800046c   Section        8  libspace.o(.text)
    .text                                    0x08000474   Section       74  sys_stackheap_outer.o(.text)
    .text                                    0x080004be   Section        0  exit.o(.text)
    .text                                    0x080004d0   Section        0  sys_exit.o(.text)
    .text                                    0x080004dc   Section        2  use_no_semi.o(.text)
    .text                                    0x080004de   Section        0  indicate_semi.o(.text)
    i.ADC_ConversionStop_Disable             0x080004e0   Section        0  stm32f1xx_hal_adc.o(i.ADC_ConversionStop_Disable)
    i.ADC_DMAConvCplt                        0x08000536   Section        0  stm32f1xx_hal_adc.o(i.ADC_DMAConvCplt)
    i.ADC_DMAError                           0x08000584   Section        0  stm32f1xx_hal_adc.o(i.ADC_DMAError)
    i.ADC_DMAHalfConvCplt                    0x0800059e   Section        0  stm32f1xx_hal_adc.o(i.ADC_DMAHalfConvCplt)
    i.ADC_Enable                             0x080005a8   Section        0  stm32f1xx_hal_adc.o(i.ADC_Enable)
    i.BusFault_Handler                       0x08000624   Section        0  stm32f1xx_it.o(i.BusFault_Handler)
    i.DAC_DMAConvCpltCh1                     0x08000626   Section        0  stm32f1xx_hal_dac.o(i.DAC_DMAConvCpltCh1)
    i.DAC_DMAConvCpltCh2                     0x08000636   Section        0  stm32f1xx_hal_dac_ex.o(i.DAC_DMAConvCpltCh2)
    i.DAC_DMAErrorCh1                        0x08000646   Section        0  stm32f1xx_hal_dac.o(i.DAC_DMAErrorCh1)
    i.DAC_DMAErrorCh2                        0x0800065e   Section        0  stm32f1xx_hal_dac_ex.o(i.DAC_DMAErrorCh2)
    i.DAC_DMAHalfConvCpltCh1                 0x08000676   Section        0  stm32f1xx_hal_dac.o(i.DAC_DMAHalfConvCpltCh1)
    i.DAC_DMAHalfConvCpltCh2                 0x08000680   Section        0  stm32f1xx_hal_dac_ex.o(i.DAC_DMAHalfConvCpltCh2)
    i.DMA1_Channel1_IRQHandler               0x0800068c   Section        0  stm32f1xx_it.o(i.DMA1_Channel1_IRQHandler)
    i.DMA1_Channel3_IRQHandler               0x08000698   Section        0  stm32f1xx_it.o(i.DMA1_Channel3_IRQHandler)
    i.DMA_SetConfig                          0x080006a4   Section        0  stm32f1xx_hal_dma.o(i.DMA_SetConfig)
    DMA_SetConfig                            0x080006a5   Thumb Code    42  stm32f1xx_hal_dma.o(i.DMA_SetConfig)
    i.DebugMon_Handler                       0x080006ce   Section        0  stm32f1xx_it.o(i.DebugMon_Handler)
    i.Error_Handler                          0x080006d0   Section        0  main.o(i.Error_Handler)
    i.HAL_ADC_ConfigChannel                  0x080006d4   Section        0  stm32f1xx_hal_adc.o(i.HAL_ADC_ConfigChannel)
    i.HAL_ADC_ConvCpltCallback               0x080007d0   Section        0  main.o(i.HAL_ADC_ConvCpltCallback)
    i.HAL_ADC_ConvHalfCpltCallback           0x080007d2   Section        0  stm32f1xx_hal_adc.o(i.HAL_ADC_ConvHalfCpltCallback)
    i.HAL_ADC_ErrorCallback                  0x080007d4   Section        0  stm32f1xx_hal_adc.o(i.HAL_ADC_ErrorCallback)
    i.HAL_ADC_Init                           0x080007d8   Section        0  stm32f1xx_hal_adc.o(i.HAL_ADC_Init)
    i.HAL_ADC_MspInit                        0x080008f4   Section        0  stm32f1xx_hal_msp.o(i.HAL_ADC_MspInit)
    i.HAL_ADC_Start_DMA                      0x08000984   Section        0  stm32f1xx_hal_adc.o(i.HAL_ADC_Start_DMA)
    i.HAL_DACEx_ConvCpltCallbackCh2          0x08000a54   Section        0  stm32f1xx_hal_dac_ex.o(i.HAL_DACEx_ConvCpltCallbackCh2)
    i.HAL_DACEx_ConvHalfCpltCallbackCh2      0x08000a56   Section        0  stm32f1xx_hal_dac_ex.o(i.HAL_DACEx_ConvHalfCpltCallbackCh2)
    i.HAL_DACEx_ErrorCallbackCh2             0x08000a58   Section        0  stm32f1xx_hal_dac_ex.o(i.HAL_DACEx_ErrorCallbackCh2)
    i.HAL_DAC_ConfigChannel                  0x08000a5a   Section        0  stm32f1xx_hal_dac.o(i.HAL_DAC_ConfigChannel)
    i.HAL_DAC_ConvCpltCallbackCh1            0x08000aa0   Section        0  stm32f1xx_hal_dac.o(i.HAL_DAC_ConvCpltCallbackCh1)
    i.HAL_DAC_ConvHalfCpltCallbackCh1        0x08000aa2   Section        0  stm32f1xx_hal_dac.o(i.HAL_DAC_ConvHalfCpltCallbackCh1)
    i.HAL_DAC_ErrorCallbackCh1               0x08000aa4   Section        0  stm32f1xx_hal_dac.o(i.HAL_DAC_ErrorCallbackCh1)
    i.HAL_DAC_Init                           0x08000aa6   Section        0  stm32f1xx_hal_dac.o(i.HAL_DAC_Init)
    i.HAL_DAC_MspInit                        0x08000ad0   Section        0  stm32f1xx_hal_msp.o(i.HAL_DAC_MspInit)
    i.HAL_DAC_Start_DMA                      0x08000b6c   Section        0  stm32f1xx_hal_dac.o(i.HAL_DAC_Start_DMA)
    i.HAL_DMA_IRQHandler                     0x08000c7c   Section        0  stm32f1xx_hal_dma.o(i.HAL_DMA_IRQHandler)
    i.HAL_DMA_Init                           0x08000dd0   Section        0  stm32f1xx_hal_dma.o(i.HAL_DMA_Init)
    i.HAL_DMA_Start_IT                       0x08000e2c   Section        0  stm32f1xx_hal_dma.o(i.HAL_DMA_Start_IT)
    i.HAL_GPIO_Init                          0x08000e9c   Section        0  stm32f1xx_hal_gpio.o(i.HAL_GPIO_Init)
    i.HAL_GetTick                            0x0800107c   Section        0  stm32f1xx_hal.o(i.HAL_GetTick)
    i.HAL_IncTick                            0x08001088   Section        0  stm32f1xx_hal.o(i.HAL_IncTick)
    i.HAL_Init                               0x08001098   Section        0  stm32f1xx_hal.o(i.HAL_Init)
    i.HAL_InitTick                           0x080010b0   Section        0  stm32f1xx_hal.o(i.HAL_InitTick)
    i.HAL_MspInit                            0x080010f0   Section        0  stm32f1xx_hal_msp.o(i.HAL_MspInit)
    i.HAL_NVIC_EnableIRQ                     0x0800112c   Section        0  stm32f1xx_hal_cortex.o(i.HAL_NVIC_EnableIRQ)
    i.HAL_NVIC_SetPriority                   0x08001148   Section        0  stm32f1xx_hal_cortex.o(i.HAL_NVIC_SetPriority)
    i.HAL_NVIC_SetPriorityGrouping           0x08001188   Section        0  stm32f1xx_hal_cortex.o(i.HAL_NVIC_SetPriorityGrouping)
    i.HAL_RCCEx_PeriphCLKConfig              0x080011ac   Section        0  stm32f1xx_hal_rcc_ex.o(i.HAL_RCCEx_PeriphCLKConfig)
    i.HAL_RCC_ClockConfig                    0x08001288   Section        0  stm32f1xx_hal_rcc.o(i.HAL_RCC_ClockConfig)
    i.HAL_RCC_GetPCLK1Freq                   0x08001370   Section        0  stm32f1xx_hal_rcc.o(i.HAL_RCC_GetPCLK1Freq)
    i.HAL_RCC_GetPCLK2Freq                   0x08001390   Section        0  stm32f1xx_hal_rcc.o(i.HAL_RCC_GetPCLK2Freq)
    i.HAL_RCC_GetSysClockFreq                0x080013b0   Section        0  stm32f1xx_hal_rcc.o(i.HAL_RCC_GetSysClockFreq)
    i.HAL_RCC_OscConfig                      0x0800142c   Section        0  stm32f1xx_hal_rcc.o(i.HAL_RCC_OscConfig)
    i.HAL_SYSTICK_Config                     0x0800174c   Section        0  stm32f1xx_hal_cortex.o(i.HAL_SYSTICK_Config)
    i.HAL_TIMEx_MasterConfigSynchronization  0x08001774   Section        0  stm32f1xx_hal_tim_ex.o(i.HAL_TIMEx_MasterConfigSynchronization)
    i.HAL_TIM_Base_Init                      0x080017e8   Section        0  stm32f1xx_hal_tim.o(i.HAL_TIM_Base_Init)
    i.HAL_TIM_Base_MspInit                   0x08001844   Section        0  stm32f1xx_hal_msp.o(i.HAL_TIM_Base_MspInit)
    i.HAL_TIM_Base_Start                     0x0800186c   Section        0  stm32f1xx_hal_tim.o(i.HAL_TIM_Base_Start)
    i.HAL_TIM_ConfigClockSource              0x080018c4   Section        0  stm32f1xx_hal_tim.o(i.HAL_TIM_ConfigClockSource)
    i.HAL_UART_Init                          0x0800199a   Section        0  stm32f1xx_hal_uart.o(i.HAL_UART_Init)
    i.HAL_UART_MspInit                       0x080019fc   Section        0  stm32f1xx_hal_msp.o(i.HAL_UART_MspInit)
    i.HAL_UART_Transmit                      0x08001a6c   Section        0  stm32f1xx_hal_uart.o(i.HAL_UART_Transmit)
    i.HardFault_Handler                      0x08001b1e   Section        0  stm32f1xx_it.o(i.HardFault_Handler)
    i.MX_ADC1_Init                           0x08001b20   Section        0  main.o(i.MX_ADC1_Init)
    MX_ADC1_Init                             0x08001b21   Thumb Code    68  main.o(i.MX_ADC1_Init)
    i.MX_TIM3_Init                           0x08001b6c   Section        0  main.o(i.MX_TIM3_Init)
    MX_TIM3_Init                             0x08001b6d   Thumb Code    92  main.o(i.MX_TIM3_Init)
    i.MemManage_Handler                      0x08001bd0   Section        0  stm32f1xx_it.o(i.MemManage_Handler)
    i.NMI_Handler                            0x08001bd2   Section        0  stm32f1xx_it.o(i.NMI_Handler)
    i.PendSV_Handler                         0x08001bd4   Section        0  stm32f1xx_it.o(i.PendSV_Handler)
    i.SVC_Handler                            0x08001bd6   Section        0  stm32f1xx_it.o(i.SVC_Handler)
    i.SysTick_Handler                        0x08001bd8   Section        0  stm32f1xx_it.o(i.SysTick_Handler)
    i.SystemClock_Config                     0x08001bdc   Section        0  main.o(i.SystemClock_Config)
    i.SystemInit                             0x08001c42   Section        0  system_stm32f1xx.o(i.SystemInit)
    i.TIM_Base_SetConfig                     0x08001c44   Section        0  stm32f1xx_hal_tim.o(i.TIM_Base_SetConfig)
    i.TIM_ETR_SetConfig                      0x08001cdc   Section        0  stm32f1xx_hal_tim.o(i.TIM_ETR_SetConfig)
    i.TIM_ITRx_SetConfig                     0x08001cf0   Section        0  stm32f1xx_hal_tim.o(i.TIM_ITRx_SetConfig)
    TIM_ITRx_SetConfig                       0x08001cf1   Thumb Code    16  stm32f1xx_hal_tim.o(i.TIM_ITRx_SetConfig)
    i.TIM_TI1_ConfigInputStage               0x08001d00   Section        0  stm32f1xx_hal_tim.o(i.TIM_TI1_ConfigInputStage)
    TIM_TI1_ConfigInputStage                 0x08001d01   Thumb Code    34  stm32f1xx_hal_tim.o(i.TIM_TI1_ConfigInputStage)
    i.TIM_TI2_ConfigInputStage               0x08001d22   Section        0  stm32f1xx_hal_tim.o(i.TIM_TI2_ConfigInputStage)
    TIM_TI2_ConfigInputStage                 0x08001d23   Thumb Code    36  stm32f1xx_hal_tim.o(i.TIM_TI2_ConfigInputStage)
    i.UART_SetConfig                         0x08001d48   Section        0  stm32f1xx_hal_uart.o(i.UART_SetConfig)
    UART_SetConfig                           0x08001d49   Thumb Code   278  stm32f1xx_hal_uart.o(i.UART_SetConfig)
    i.UART_WaitOnFlagUntilTimeout            0x08001e64   Section        0  stm32f1xx_hal_uart.o(i.UART_WaitOnFlagUntilTimeout)
    UART_WaitOnFlagUntilTimeout              0x08001e65   Thumb Code   100  stm32f1xx_hal_uart.o(i.UART_WaitOnFlagUntilTimeout)
    i.UsageFault_Handler                     0x08001ec8   Section        0  stm32f1xx_it.o(i.UsageFault_Handler)
    i.__ARM_fpclassify                       0x08001eca   Section        0  fpclassify.o(i.__ARM_fpclassify)
    i.__NVIC_SetPriority                     0x08001ef2   Section        0  stm32f1xx_hal_cortex.o(i.__NVIC_SetPriority)
    __NVIC_SetPriority                       0x08001ef3   Thumb Code    32  stm32f1xx_hal_cortex.o(i.__NVIC_SetPriority)
    i.__ieee754_rem_pio2                     0x08001f14   Section        0  rred.o(i.__ieee754_rem_pio2)
    i.__kernel_cos                           0x0800229c   Section        0  cos_i.o(i.__kernel_cos)
    i.__kernel_poly                          0x08002398   Section        0  poly.o(i.__kernel_poly)
    i.__kernel_sin                           0x08002444   Section        0  sin_i.o(i.__kernel_sin)
    i.__mathlib_dbl_infnan                   0x08002530   Section        0  dunder.o(i.__mathlib_dbl_infnan)
    i.__mathlib_dbl_invalid                  0x08002536   Section        0  dunder.o(i.__mathlib_dbl_invalid)
    i.__mathlib_dbl_underflow                0x08002544   Section        0  dunder.o(i.__mathlib_dbl_underflow)
    i.calcsin                                0x08002554   Section        0  main.o(i.calcsin)
    i.main                                   0x080025b8   Section        0  main.o(i.main)
    i.sin                                    0x080026ec   Section        0  sin.o(i.sin)
    x$fpl$dadd                               0x0800278c   Section      336  daddsub_clz.o(x$fpl$dadd)
    _dadd1                                   0x0800279d   Thumb Code     0  daddsub_clz.o(x$fpl$dadd)
    x$fpl$dcheck1                            0x080028dc   Section       16  dcheck1.o(x$fpl$dcheck1)
    x$fpl$ddiv                               0x080028ec   Section      688  ddiv.o(x$fpl$ddiv)
    ddiv_entry                               0x080028f3   Thumb Code     0  ddiv.o(x$fpl$ddiv)
    x$fpl$dfix                               0x08002b9c   Section       94  dfix.o(x$fpl$dfix)
    x$fpl$dfixu                              0x08002bfc   Section       90  dfixu.o(x$fpl$dfixu)
    x$fpl$dflt                               0x08002c56   Section       46  dflt_clz.o(x$fpl$dflt)
    x$fpl$dfltu                              0x08002c84   Section       38  dflt_clz.o(x$fpl$dfltu)
    x$fpl$dmul                               0x08002cac   Section      340  dmul.o(x$fpl$dmul)
    x$fpl$dnaninf                            0x08002e00   Section      156  dnaninf.o(x$fpl$dnaninf)
    x$fpl$dretinf                            0x08002e9c   Section       12  dretinf.o(x$fpl$dretinf)
    x$fpl$drsb                               0x08002ea8   Section       22  daddsub_clz.o(x$fpl$drsb)
    x$fpl$dsub                               0x08002ec0   Section      468  daddsub_clz.o(x$fpl$dsub)
    _dsub1                                   0x08002ed1   Thumb Code     0  daddsub_clz.o(x$fpl$dsub)
    x$fpl$retnan                             0x08003094   Section      100  retnan.o(x$fpl$retnan)
    x$fpl$scalbn                             0x080030f8   Section       92  scalbn.o(x$fpl$scalbn)
    x$fpl$trapveneer                         0x08003154   Section       48  trapv.o(x$fpl$trapveneer)
    .constdata                               0x08003184   Section       16  system_stm32f1xx.o(.constdata)
    x$fpl$usenofp                            0x08003184   Section        0  usenofp.o(x$fpl$usenofp)
    .constdata                               0x08003194   Section        8  system_stm32f1xx.o(.constdata)
    .constdata                               0x080031a0   Section       48  cos_i.o(.constdata)
    C                                        0x080031a0   Data          48  cos_i.o(.constdata)
    .constdata                               0x080031d0   Section      200  rred.o(.constdata)
    pio2s                                    0x080031d0   Data          48  rred.o(.constdata)
    twooverpi                                0x08003200   Data         152  rred.o(.constdata)
    .constdata                               0x08003298   Section       40  sin_i.o(.constdata)
    S                                        0x08003298   Data          40  sin_i.o(.constdata)
    .data                                    0x20000000   Section        8  main.o(.data)
    .data                                    0x20000008   Section       12  stm32f1xx_hal.o(.data)
    .data                                    0x20000014   Section        4  system_stm32f1xx.o(.data)
    .bss                                     0x20000018   Section      618  main.o(.bss)
    .bss                                     0x20000284   Section       68  main.o(.bss)
    .bss                                     0x200002c8   Section       68  main.o(.bss)
    .bss                                     0x2000030c   Section       96  libspace.o(.bss)
    HEAP                                     0x20000370   Section      512  startup_stm32f100xb.o(HEAP)
    Heap_Mem                                 0x20000370   Data         512  startup_stm32f100xb.o(HEAP)
    STACK                                    0x20000570   Section     1024  startup_stm32f100xb.o(STACK)
    Stack_Mem                                0x20000570   Data        1024  startup_stm32f100xb.o(STACK)
    __initial_sp                             0x20000970   Data           0  startup_stm32f100xb.o(STACK)

    Global Symbols

    Symbol Name                              Value     Ov Type        Size  Object(Section)

    BuildAttributes$$THM_ISAv4$P$D$K$B$S$PE$A:L22UL41UL21$X:L11$S22US41US21$IEEE1$IW$USESV6$~STKCKD$USESV7$~SHL$OTIME$ROPI$IEEEX$EBA8$UX$STANDARDLIB$REQ8$PRES8$EABIv2 0x00000000   Number         0  anon$$obj.o ABSOLUTE
    __ARM_use_no_argv                        0x00000000   Number         0  main.o ABSOLUTE
    __ARM_exceptions_init                     - Undefined Weak Reference
    __alloca_initialize                       - Undefined Weak Reference
    __arm_preinit_                            - Undefined Weak Reference
    __cpp_initialize__aeabi_                  - Undefined Weak Reference
    __cxa_finalize                            - Undefined Weak Reference
    __rt_locale                               - Undefined Weak Reference
    __sigvec_lookup                           - Undefined Weak Reference
    _atexit_init                              - Undefined Weak Reference
    _call_atexit_fns                          - Undefined Weak Reference
    _clock_init                               - Undefined Weak Reference
    _fp_trap_init                             - Undefined Weak Reference
    _fp_trap_shutdown                         - Undefined Weak Reference
    _get_lc_collate                           - Undefined Weak Reference
    _get_lc_ctype                             - Undefined Weak Reference
    _get_lc_monetary                          - Undefined Weak Reference
    _get_lc_numeric                           - Undefined Weak Reference
    _get_lc_time                              - Undefined Weak Reference
    _getenv_init                              - Undefined Weak Reference
    _handle_redirection                       - Undefined Weak Reference
    _init_alloc                               - Undefined Weak Reference
    _init_user_alloc                          - Undefined Weak Reference
    _initio                                   - Undefined Weak Reference
    _printf_post_padding                      - Undefined Weak Reference
    _printf_pre_padding                       - Undefined Weak Reference
    _printf_truncate_signed                   - Undefined Weak Reference
    _printf_truncate_unsigned                 - Undefined Weak Reference
    _rand_init                                - Undefined Weak Reference
    _signal_finish                            - Undefined Weak Reference
    _signal_init                              - Undefined Weak Reference
    _terminate_alloc                          - Undefined Weak Reference
    _terminate_user_alloc                     - Undefined Weak Reference
    _terminateio                              - Undefined Weak Reference
    __Vectors_Size                           0x00000120   Number         0  startup_stm32f100xb.o ABSOLUTE
    __Vectors                                0x08000000   Data           4  startup_stm32f100xb.o(RESET)
    __Vectors_End                            0x08000120   Data           0  startup_stm32f100xb.o(RESET)
    __main                                   0x08000121   Thumb Code     8  __main.o(!!!main)
    __scatterload                            0x08000129   Thumb Code     0  __scatter.o(!!!scatter)
    __scatterload_rt2                        0x08000129   Thumb Code    44  __scatter.o(!!!scatter)
    __scatterload_rt2_thumb_only             0x08000129   Thumb Code     0  __scatter.o(!!!scatter)
    __scatterload_null                       0x08000137   Thumb Code     0  __scatter.o(!!!scatter)
    __scatterload_copy                       0x0800015d   Thumb Code    26  __scatter_copy.o(!!handler_copy)
    __scatterload_zeroinit                   0x08000179   Thumb Code    28  __scatter_zi.o(!!handler_zi)
    _printf_d                                0x08000195   Thumb Code     0  _printf_d.o(.ARM.Collect$$_printf_percent$$00000009)
    _printf_percent                          0x08000195   Thumb Code     0  _printf_percent.o(.ARM.Collect$$_printf_percent$$00000000)
    _printf_percent_end                      0x0800019b   Thumb Code     0  _printf_percent_end.o(.ARM.Collect$$_printf_percent$$00000017)
    __rt_lib_init                            0x0800019f   Thumb Code     0  libinit.o(.ARM.Collect$$libinit$$00000000)
    __rt_lib_init_alloca_1                   0x080001a1   Thumb Code     0  libinit2.o(.ARM.Collect$$libinit$$0000002E)
    __rt_lib_init_argv_1                     0x080001a1   Thumb Code     0  libinit2.o(.ARM.Collect$$libinit$$0000002C)
    __rt_lib_init_atexit_1                   0x080001a1   Thumb Code     0  libinit2.o(.ARM.Collect$$libinit$$0000001B)
    __rt_lib_init_clock_1                    0x080001a1   Thumb Code     0  libinit2.o(.ARM.Collect$$libinit$$00000021)
    __rt_lib_init_cpp_1                      0x080001a1   Thumb Code     0  libinit2.o(.ARM.Collect$$libinit$$00000032)
    __rt_lib_init_exceptions_1               0x080001a1   Thumb Code     0  libinit2.o(.ARM.Collect$$libinit$$00000030)
    __rt_lib_init_fp_1                       0x080001a1   Thumb Code     0  libinit2.o(.ARM.Collect$$libinit$$00000002)
    __rt_lib_init_fp_trap_1                  0x080001a1   Thumb Code     0  libinit2.o(.ARM.Collect$$libinit$$0000001F)
    __rt_lib_init_getenv_1                   0x080001a1   Thumb Code     0  libinit2.o(.ARM.Collect$$libinit$$00000023)
    __rt_lib_init_heap_1                     0x080001a1   Thumb Code     0  libinit2.o(.ARM.Collect$$libinit$$0000000A)
    __rt_lib_init_lc_collate_1               0x080001a1   Thumb Code     0  libinit2.o(.ARM.Collect$$libinit$$00000011)
    __rt_lib_init_lc_ctype_1                 0x080001a1   Thumb Code     0  libinit2.o(.ARM.Collect$$libinit$$00000013)
    __rt_lib_init_lc_monetary_1              0x080001a1   Thumb Code     0  libinit2.o(.ARM.Collect$$libinit$$00000015)
    __rt_lib_init_lc_numeric_1               0x080001a1   Thumb Code     0  libinit2.o(.ARM.Collect$$libinit$$00000017)
    __rt_lib_init_lc_time_1                  0x080001a1   Thumb Code     0  libinit2.o(.ARM.Collect$$libinit$$00000019)
    __rt_lib_init_preinit_1                  0x080001a1   Thumb Code     0  libinit2.o(.ARM.Collect$$libinit$$00000004)
    __rt_lib_init_rand_1                     0x080001a1   Thumb Code     0  libinit2.o(.ARM.Collect$$libinit$$0000000E)
    __rt_lib_init_return                     0x080001a1   Thumb Code     0  libinit2.o(.ARM.Collect$$libinit$$00000033)
    __rt_lib_init_signal_1                   0x080001a1   Thumb Code     0  libinit2.o(.ARM.Collect$$libinit$$0000001D)
    __rt_lib_init_stdio_1                    0x080001a1   Thumb Code     0  libinit2.o(.ARM.Collect$$libinit$$00000025)
    __rt_lib_init_user_alloc_1               0x080001a1   Thumb Code     0  libinit2.o(.ARM.Collect$$libinit$$0000000C)
    __rt_lib_shutdown                        0x080001a3   Thumb Code     0  libshutdown.o(.ARM.Collect$$libshutdown$$00000000)
    __rt_lib_shutdown_cpp_1                  0x080001a5   Thumb Code     0  libshutdown2.o(.ARM.Collect$$libshutdown$$00000002)
    __rt_lib_shutdown_fp_trap_1              0x080001a5   Thumb Code     0  libshutdown2.o(.ARM.Collect$$libshutdown$$00000007)
    __rt_lib_shutdown_heap_1                 0x080001a5   Thumb Code     0  libshutdown2.o(.ARM.Collect$$libshutdown$$0000000F)
    __rt_lib_shutdown_return                 0x080001a5   Thumb Code     0  libshutdown2.o(.ARM.Collect$$libshutdown$$00000010)
    __rt_lib_shutdown_signal_1               0x080001a5   Thumb Code     0  libshutdown2.o(.ARM.Collect$$libshutdown$$0000000A)
    __rt_lib_shutdown_stdio_1                0x080001a5   Thumb Code     0  libshutdown2.o(.ARM.Collect$$libshutdown$$00000004)
    __rt_lib_shutdown_user_alloc_1           0x080001a5   Thumb Code     0  libshutdown2.o(.ARM.Collect$$libshutdown$$0000000C)
    __rt_entry                               0x080001a7   Thumb Code     0  __rtentry.o(.ARM.Collect$$rtentry$$00000000)
    __rt_entry_presh_1                       0x080001a7   Thumb Code     0  __rtentry2.o(.ARM.Collect$$rtentry$$00000002)
    __rt_entry_sh                            0x080001a7   Thumb Code     0  __rtentry4.o(.ARM.Collect$$rtentry$$00000004)
    __rt_entry_li                            0x080001ad   Thumb Code     0  __rtentry2.o(.ARM.Collect$$rtentry$$0000000A)
    __rt_entry_postsh_1                      0x080001ad   Thumb Code     0  __rtentry2.o(.ARM.Collect$$rtentry$$00000009)
    __rt_entry_main                          0x080001b1   Thumb Code     0  __rtentry2.o(.ARM.Collect$$rtentry$$0000000D)
    __rt_entry_postli_1                      0x080001b1   Thumb Code     0  __rtentry2.o(.ARM.Collect$$rtentry$$0000000C)
    __rt_exit                                0x080001b9   Thumb Code     0  rtexit.o(.ARM.Collect$$rtexit$$00000000)
    __rt_exit_ls                             0x080001bb   Thumb Code     0  rtexit2.o(.ARM.Collect$$rtexit$$00000003)
    __rt_exit_prels_1                        0x080001bb   Thumb Code     0  rtexit2.o(.ARM.Collect$$rtexit$$00000002)
    __rt_exit_exit                           0x080001bf   Thumb Code     0  rtexit2.o(.ARM.Collect$$rtexit$$00000004)
    Reset_Handler                            0x080001c5   Thumb Code     8  startup_stm32f100xb.o(.text)
    ADC1_IRQHandler                          0x080001df   Thumb Code     0  startup_stm32f100xb.o(.text)
    CEC_IRQHandler                           0x080001df   Thumb Code     0  startup_stm32f100xb.o(.text)
    DMA1_Channel2_IRQHandler                 0x080001df   Thumb Code     0  startup_stm32f100xb.o(.text)
    DMA1_Channel4_IRQHandler                 0x080001df   Thumb Code     0  startup_stm32f100xb.o(.text)
    DMA1_Channel5_IRQHandler                 0x080001df   Thumb Code     0  startup_stm32f100xb.o(.text)
    DMA1_Channel6_IRQHandler                 0x080001df   Thumb Code     0  startup_stm32f100xb.o(.text)
    DMA1_Channel7_IRQHandler                 0x080001df   Thumb Code     0  startup_stm32f100xb.o(.text)
    EXTI0_IRQHandler                         0x080001df   Thumb Code     0  startup_stm32f100xb.o(.text)
    EXTI15_10_IRQHandler                     0x080001df   Thumb Code     0  startup_stm32f100xb.o(.text)
    EXTI1_IRQHandler                         0x080001df   Thumb Code     0  startup_stm32f100xb.o(.text)
    EXTI2_IRQHandler                         0x080001df   Thumb Code     0  startup_stm32f100xb.o(.text)
    EXTI3_IRQHandler                         0x080001df   Thumb Code     0  startup_stm32f100xb.o(.text)
    EXTI4_IRQHandler                         0x080001df   Thumb Code     0  startup_stm32f100xb.o(.text)
    EXTI9_5_IRQHandler                       0x080001df   Thumb Code     0  startup_stm32f100xb.o(.text)
    FLASH_IRQHandler                         0x080001df   Thumb Code     0  startup_stm32f100xb.o(.text)
    I2C1_ER_IRQHandler                       0x080001df   Thumb Code     0  startup_stm32f100xb.o(.text)
    I2C1_EV_IRQHandler                       0x080001df   Thumb Code     0  startup_stm32f100xb.o(.text)
    I2C2_ER_IRQHandler                       0x080001df   Thumb Code     0  startup_stm32f100xb.o(.text)
    I2C2_EV_IRQHandler                       0x080001df   Thumb Code     0  startup_stm32f100xb.o(.text)
    PVD_IRQHandler                           0x080001df   Thumb Code     0  startup_stm32f100xb.o(.text)
    RCC_IRQHandler                           0x080001df   Thumb Code     0  startup_stm32f100xb.o(.text)
    RTC_Alarm_IRQHandler                     0x080001df   Thumb Code     0  startup_stm32f100xb.o(.text)
    RTC_IRQHandler                           0x080001df   Thumb Code     0  startup_stm32f100xb.o(.text)
    SPI1_IRQHandler                          0x080001df   Thumb Code     0  startup_stm32f100xb.o(.text)
    SPI2_IRQHandler                          0x080001df   Thumb Code     0  startup_stm32f100xb.o(.text)
    TAMPER_IRQHandler                        0x080001df   Thumb Code     0  startup_stm32f100xb.o(.text)
    TIM1_BRK_TIM15_IRQHandler                0x080001df   Thumb Code     0  startup_stm32f100xb.o(.text)
    TIM1_CC_IRQHandler                       0x080001df   Thumb Code     0  startup_stm32f100xb.o(.text)
    TIM1_TRG_COM_TIM17_IRQHandler            0x080001df   Thumb Code     0  startup_stm32f100xb.o(.text)
    TIM1_UP_TIM16_IRQHandler                 0x080001df   Thumb Code     0  startup_stm32f100xb.o(.text)
    TIM2_IRQHandler                          0x080001df   Thumb Code     0  startup_stm32f100xb.o(.text)
    TIM3_IRQHandler                          0x080001df   Thumb Code     0  startup_stm32f100xb.o(.text)
    TIM4_IRQHandler                          0x080001df   Thumb Code     0  startup_stm32f100xb.o(.text)
    TIM6_DAC_IRQHandler                      0x080001df   Thumb Code     0  startup_stm32f100xb.o(.text)
    TIM7_IRQHandler                          0x080001df   Thumb Code     0  startup_stm32f100xb.o(.text)
    USART1_IRQHandler                        0x080001df   Thumb Code     0  startup_stm32f100xb.o(.text)
    USART2_IRQHandler                        0x080001df   Thumb Code     0  startup_stm32f100xb.o(.text)
    USART3_IRQHandler                        0x080001df   Thumb Code     0  startup_stm32f100xb.o(.text)
    WWDG_IRQHandler                          0x080001df   Thumb Code     0  startup_stm32f100xb.o(.text)
    __user_initial_stackheap                 0x080001e1   Thumb Code     0  startup_stm32f100xb.o(.text)
    __2sprintf                               0x08000205   Thumb Code    34  noretval__2sprintf.o(.text)
    __printf                                 0x0800022d   Thumb Code   104  __printf.o(.text)
    _printf_int_dec                          0x08000295   Thumb Code   104  _printf_dec.o(.text)
    __aeabi_memclr4                          0x0800030d   Thumb Code     0  rt_memclr_w.o(.text)
    __aeabi_memclr8                          0x0800030d   Thumb Code     0  rt_memclr_w.o(.text)
    __rt_memclr_w                            0x0800030d   Thumb Code    78  rt_memclr_w.o(.text)
    _memset_w                                0x08000311   Thumb Code     0  rt_memclr_w.o(.text)
    __use_two_region_memory                  0x0800035b   Thumb Code     2  heapauxi.o(.text)
    __rt_heap_escrow$2region                 0x0800035d   Thumb Code     2  heapauxi.o(.text)
    __rt_heap_expand$2region                 0x0800035f   Thumb Code     2  heapauxi.o(.text)
    __read_errno                             0x08000361   Thumb Code    10  _rserrno.o(.text)
    __set_errno                              0x0800036b   Thumb Code    12  _rserrno.o(.text)
    _printf_int_common                       0x08000377   Thumb Code   178  _printf_intcommon.o(.text)
    _printf_char_common                      0x08000433   Thumb Code    32  _printf_char_common.o(.text)
    _sputc                                   0x08000459   Thumb Code    10  _sputc.o(.text)
    __aeabi_errno_addr                       0x08000465   Thumb Code     8  rt_errno_addr_intlibspace.o(.text)
    __errno$intlibspace                      0x08000465   Thumb Code     0  rt_errno_addr_intlibspace.o(.text)
    __rt_errno_addr$intlibspace              0x08000465   Thumb Code     0  rt_errno_addr_intlibspace.o(.text)
    __user_libspace                          0x0800046d   Thumb Code     8  libspace.o(.text)
    __user_perproc_libspace                  0x0800046d   Thumb Code     0  libspace.o(.text)
    __user_perthread_libspace                0x0800046d   Thumb Code     0  libspace.o(.text)
    __user_setup_stackheap                   0x08000475   Thumb Code    74  sys_stackheap_outer.o(.text)
    exit                                     0x080004bf   Thumb Code    18  exit.o(.text)
    _sys_exit                                0x080004d1   Thumb Code     8  sys_exit.o(.text)
    __I$use$semihosting                      0x080004dd   Thumb Code     0  use_no_semi.o(.text)
    __use_no_semihosting_swi                 0x080004dd   Thumb Code     2  use_no_semi.o(.text)
    __semihosting_library_function           0x080004df   Thumb Code     0  indicate_semi.o(.text)
    ADC_ConversionStop_Disable               0x080004e1   Thumb Code    86  stm32f1xx_hal_adc.o(i.ADC_ConversionStop_Disable)
    ADC_DMAConvCplt                          0x08000537   Thumb Code    78  stm32f1xx_hal_adc.o(i.ADC_DMAConvCplt)
    ADC_DMAError                             0x08000585   Thumb Code    26  stm32f1xx_hal_adc.o(i.ADC_DMAError)
    ADC_DMAHalfConvCplt                      0x0800059f   Thumb Code    10  stm32f1xx_hal_adc.o(i.ADC_DMAHalfConvCplt)
    ADC_Enable                               0x080005a9   Thumb Code   114  stm32f1xx_hal_adc.o(i.ADC_Enable)
    BusFault_Handler                         0x08000625   Thumb Code     2  stm32f1xx_it.o(i.BusFault_Handler)
    DAC_DMAConvCpltCh1                       0x08000627   Thumb Code    16  stm32f1xx_hal_dac.o(i.DAC_DMAConvCpltCh1)
    DAC_DMAConvCpltCh2                       0x08000637   Thumb Code    16  stm32f1xx_hal_dac_ex.o(i.DAC_DMAConvCpltCh2)
    DAC_DMAErrorCh1                          0x08000647   Thumb Code    24  stm32f1xx_hal_dac.o(i.DAC_DMAErrorCh1)
    DAC_DMAErrorCh2                          0x0800065f   Thumb Code    24  stm32f1xx_hal_dac_ex.o(i.DAC_DMAErrorCh2)
    DAC_DMAHalfConvCpltCh1                   0x08000677   Thumb Code    10  stm32f1xx_hal_dac.o(i.DAC_DMAHalfConvCpltCh1)
    DAC_DMAHalfConvCpltCh2                   0x08000681   Thumb Code    10  stm32f1xx_hal_dac_ex.o(i.DAC_DMAHalfConvCpltCh2)
    DMA1_Channel1_IRQHandler                 0x0800068d   Thumb Code     6  stm32f1xx_it.o(i.DMA1_Channel1_IRQHandler)
    DMA1_Channel3_IRQHandler                 0x08000699   Thumb Code     6  stm32f1xx_it.o(i.DMA1_Channel3_IRQHandler)
    DebugMon_Handler                         0x080006cf   Thumb Code     2  stm32f1xx_it.o(i.DebugMon_Handler)
    Error_Handler                            0x080006d1   Thumb Code     4  main.o(i.Error_Handler)
    HAL_ADC_ConfigChannel                    0x080006d5   Thumb Code   240  stm32f1xx_hal_adc.o(i.HAL_ADC_ConfigChannel)
    HAL_ADC_ConvCpltCallback                 0x080007d1   Thumb Code     2  main.o(i.HAL_ADC_ConvCpltCallback)
    HAL_ADC_ConvHalfCpltCallback             0x080007d3   Thumb Code     2  stm32f1xx_hal_adc.o(i.HAL_ADC_ConvHalfCpltCallback)
    HAL_ADC_ErrorCallback                    0x080007d5   Thumb Code     2  stm32f1xx_hal_adc.o(i.HAL_ADC_ErrorCallback)
    HAL_ADC_Init                             0x080007d9   Thumb Code   272  stm32f1xx_hal_adc.o(i.HAL_ADC_Init)
    HAL_ADC_MspInit                          0x080008f5   Thumb Code   122  stm32f1xx_hal_msp.o(i.HAL_ADC_MspInit)
    HAL_ADC_Start_DMA                        0x08000985   Thumb Code   194  stm32f1xx_hal_adc.o(i.HAL_ADC_Start_DMA)
    HAL_DACEx_ConvCpltCallbackCh2            0x08000a55   Thumb Code     2  stm32f1xx_hal_dac_ex.o(i.HAL_DACEx_ConvCpltCallbackCh2)
    HAL_DACEx_ConvHalfCpltCallbackCh2        0x08000a57   Thumb Code     2  stm32f1xx_hal_dac_ex.o(i.HAL_DACEx_ConvHalfCpltCallbackCh2)
    HAL_DACEx_ErrorCallbackCh2               0x08000a59   Thumb Code     2  stm32f1xx_hal_dac_ex.o(i.HAL_DACEx_ErrorCallbackCh2)
    HAL_DAC_ConfigChannel                    0x08000a5b   Thumb Code    70  stm32f1xx_hal_dac.o(i.HAL_DAC_ConfigChannel)
    HAL_DAC_ConvCpltCallbackCh1              0x08000aa1   Thumb Code     2  stm32f1xx_hal_dac.o(i.HAL_DAC_ConvCpltCallbackCh1)
    HAL_DAC_ConvHalfCpltCallbackCh1          0x08000aa3   Thumb Code     2  stm32f1xx_hal_dac.o(i.HAL_DAC_ConvHalfCpltCallbackCh1)
    HAL_DAC_ErrorCallbackCh1                 0x08000aa5   Thumb Code     2  stm32f1xx_hal_dac.o(i.HAL_DAC_ErrorCallbackCh1)
    HAL_DAC_Init                             0x08000aa7   Thumb Code    40  stm32f1xx_hal_dac.o(i.HAL_DAC_Init)
    HAL_DAC_MspInit                          0x08000ad1   Thumb Code   132  stm32f1xx_hal_msp.o(i.HAL_DAC_MspInit)
    HAL_DAC_Start_DMA                        0x08000b6d   Thumb Code   246  stm32f1xx_hal_dac.o(i.HAL_DAC_Start_DMA)
    HAL_DMA_IRQHandler                       0x08000c7d   Thumb Code   316  stm32f1xx_hal_dma.o(i.HAL_DMA_IRQHandler)
    HAL_DMA_Init                             0x08000dd1   Thumb Code    84  stm32f1xx_hal_dma.o(i.HAL_DMA_Init)
    HAL_DMA_Start_IT                         0x08000e2d   Thumb Code   112  stm32f1xx_hal_dma.o(i.HAL_DMA_Start_IT)
    HAL_GPIO_Init                            0x08000e9d   Thumb Code   446  stm32f1xx_hal_gpio.o(i.HAL_GPIO_Init)
    HAL_GetTick                              0x0800107d   Thumb Code     6  stm32f1xx_hal.o(i.HAL_GetTick)
    HAL_IncTick                              0x08001089   Thumb Code    12  stm32f1xx_hal.o(i.HAL_IncTick)
    HAL_Init                                 0x08001099   Thumb Code    22  stm32f1xx_hal.o(i.HAL_Init)
    HAL_InitTick                             0x080010b1   Thumb Code    54  stm32f1xx_hal.o(i.HAL_InitTick)
    HAL_MspInit                              0x080010f1   Thumb Code    52  stm32f1xx_hal_msp.o(i.HAL_MspInit)
    HAL_NVIC_EnableIRQ                       0x0800112d   Thumb Code    26  stm32f1xx_hal_cortex.o(i.HAL_NVIC_EnableIRQ)
    HAL_NVIC_SetPriority                     0x08001149   Thumb Code    60  stm32f1xx_hal_cortex.o(i.HAL_NVIC_SetPriority)
    HAL_NVIC_SetPriorityGrouping             0x08001189   Thumb Code    26  stm32f1xx_hal_cortex.o(i.HAL_NVIC_SetPriorityGrouping)
    HAL_RCCEx_PeriphCLKConfig                0x080011ad   Thumb Code   206  stm32f1xx_hal_rcc_ex.o(i.HAL_RCCEx_PeriphCLKConfig)
    HAL_RCC_ClockConfig                      0x08001289   Thumb Code   214  stm32f1xx_hal_rcc.o(i.HAL_RCC_ClockConfig)
    HAL_RCC_GetPCLK1Freq                     0x08001371   Thumb Code    20  stm32f1xx_hal_rcc.o(i.HAL_RCC_GetPCLK1Freq)
    HAL_RCC_GetPCLK2Freq                     0x08001391   Thumb Code    20  stm32f1xx_hal_rcc.o(i.HAL_RCC_GetPCLK2Freq)
    HAL_RCC_GetSysClockFreq                  0x080013b1   Thumb Code    80  stm32f1xx_hal_rcc.o(i.HAL_RCC_GetSysClockFreq)
    HAL_RCC_OscConfig                        0x0800142d   Thumb Code   778  stm32f1xx_hal_rcc.o(i.HAL_RCC_OscConfig)
    HAL_SYSTICK_Config                       0x0800174d   Thumb Code    40  stm32f1xx_hal_cortex.o(i.HAL_SYSTICK_Config)
    HAL_TIMEx_MasterConfigSynchronization    0x08001775   Thumb Code    98  stm32f1xx_hal_tim_ex.o(i.HAL_TIMEx_MasterConfigSynchronization)
    HAL_TIM_Base_Init                        0x080017e9   Thumb Code    90  stm32f1xx_hal_tim.o(i.HAL_TIM_Base_Init)
    HAL_TIM_Base_MspInit                     0x08001845   Thumb Code    30  stm32f1xx_hal_msp.o(i.HAL_TIM_Base_MspInit)
    HAL_TIM_Base_Start                       0x0800186d   Thumb Code    72  stm32f1xx_hal_tim.o(i.HAL_TIM_Base_Start)
    HAL_TIM_ConfigClockSource                0x080018c5   Thumb Code   214  stm32f1xx_hal_tim.o(i.HAL_TIM_ConfigClockSource)
    HAL_UART_Init                            0x0800199b   Thumb Code    98  stm32f1xx_hal_uart.o(i.HAL_UART_Init)
    HAL_UART_MspInit                         0x080019fd   Thumb Code   100  stm32f1xx_hal_msp.o(i.HAL_UART_MspInit)
    HAL_UART_Transmit                        0x08001a6d   Thumb Code   178  stm32f1xx_hal_uart.o(i.HAL_UART_Transmit)
    HardFault_Handler                        0x08001b1f   Thumb Code     2  stm32f1xx_it.o(i.HardFault_Handler)
    MemManage_Handler                        0x08001bd1   Thumb Code     2  stm32f1xx_it.o(i.MemManage_Handler)
    NMI_Handler                              0x08001bd3   Thumb Code     2  stm32f1xx_it.o(i.NMI_Handler)
    PendSV_Handler                           0x08001bd5   Thumb Code     2  stm32f1xx_it.o(i.PendSV_Handler)
    SVC_Handler                              0x08001bd7   Thumb Code     2  stm32f1xx_it.o(i.SVC_Handler)
    SysTick_Handler                          0x08001bd9   Thumb Code     4  stm32f1xx_it.o(i.SysTick_Handler)
    SystemClock_Config                       0x08001bdd   Thumb Code   102  main.o(i.SystemClock_Config)
    SystemInit                               0x08001c43   Thumb Code     2  system_stm32f1xx.o(i.SystemInit)
    TIM_Base_SetConfig                       0x08001c45   Thumb Code   126  stm32f1xx_hal_tim.o(i.TIM_Base_SetConfig)
    TIM_ETR_SetConfig                        0x08001cdd   Thumb Code    20  stm32f1xx_hal_tim.o(i.TIM_ETR_SetConfig)
    UsageFault_Handler                       0x08001ec9   Thumb Code     2  stm32f1xx_it.o(i.UsageFault_Handler)
    __ARM_fpclassify                         0x08001ecb   Thumb Code    40  fpclassify.o(i.__ARM_fpclassify)
    __ieee754_rem_pio2                       0x08001f15   Thumb Code   828  rred.o(i.__ieee754_rem_pio2)
    __kernel_cos                             0x0800229d   Thumb Code   230  cos_i.o(i.__kernel_cos)
    __kernel_poly                            0x08002399   Thumb Code   170  poly.o(i.__kernel_poly)
    __kernel_sin                             0x08002445   Thumb Code   224  sin_i.o(i.__kernel_sin)
    __mathlib_dbl_infnan                     0x08002531   Thumb Code     6  dunder.o(i.__mathlib_dbl_infnan)
    __mathlib_dbl_invalid                    0x08002537   Thumb Code    12  dunder.o(i.__mathlib_dbl_invalid)
    __mathlib_dbl_underflow                  0x08002545   Thumb Code    10  dunder.o(i.__mathlib_dbl_underflow)
    calcsin                                  0x08002555   Thumb Code    78  main.o(i.calcsin)
    main                                     0x080025b9   Thumb Code   276  main.o(i.main)
    sin                                      0x080026ed   Thumb Code   150  sin.o(i.sin)
    __aeabi_dadd                             0x0800278d   Thumb Code     0  daddsub_clz.o(x$fpl$dadd)
    _dadd                                    0x0800278d   Thumb Code   332  daddsub_clz.o(x$fpl$dadd)
    __fpl_dcheck_NaN1                        0x080028dd   Thumb Code    10  dcheck1.o(x$fpl$dcheck1)
    __aeabi_ddiv                             0x080028ed   Thumb Code     0  ddiv.o(x$fpl$ddiv)
    _ddiv                                    0x080028ed   Thumb Code   552  ddiv.o(x$fpl$ddiv)
    __aeabi_d2iz                             0x08002b9d   Thumb Code     0  dfix.o(x$fpl$dfix)
    _dfix                                    0x08002b9d   Thumb Code    94  dfix.o(x$fpl$dfix)
    __aeabi_d2uiz                            0x08002bfd   Thumb Code     0  dfixu.o(x$fpl$dfixu)
    _dfixu                                   0x08002bfd   Thumb Code    90  dfixu.o(x$fpl$dfixu)
    __aeabi_i2d                              0x08002c57   Thumb Code     0  dflt_clz.o(x$fpl$dflt)
    _dflt                                    0x08002c57   Thumb Code    46  dflt_clz.o(x$fpl$dflt)
    __aeabi_ui2d                             0x08002c85   Thumb Code     0  dflt_clz.o(x$fpl$dfltu)
    _dfltu                                   0x08002c85   Thumb Code    38  dflt_clz.o(x$fpl$dfltu)
    __aeabi_dmul                             0x08002cad   Thumb Code     0  dmul.o(x$fpl$dmul)
    _dmul                                    0x08002cad   Thumb Code   332  dmul.o(x$fpl$dmul)
    __fpl_dnaninf                            0x08002e01   Thumb Code   156  dnaninf.o(x$fpl$dnaninf)
    __fpl_dretinf                            0x08002e9d   Thumb Code    12  dretinf.o(x$fpl$dretinf)
    __aeabi_drsub                            0x08002ea9   Thumb Code     0  daddsub_clz.o(x$fpl$drsb)
    _drsb                                    0x08002ea9   Thumb Code    22  daddsub_clz.o(x$fpl$drsb)
    __aeabi_dsub                             0x08002ec1   Thumb Code     0  daddsub_clz.o(x$fpl$dsub)
    _dsub                                    0x08002ec1   Thumb Code   464  daddsub_clz.o(x$fpl$dsub)
    __fpl_return_NaN                         0x08003095   Thumb Code   100  retnan.o(x$fpl$retnan)
    __ARM_scalbn                             0x080030f9   Thumb Code    92  scalbn.o(x$fpl$scalbn)
    __fpl_cmpreturn                          0x08003155   Thumb Code    48  trapv.o(x$fpl$trapveneer)
    AHBPrescTable                            0x08003184   Data          16  system_stm32f1xx.o(.constdata)
    __I$use$fp                               0x08003184   Number         0  usenofp.o(x$fpl$usenofp)
    APBPrescTable                            0x08003194   Data           8  system_stm32f1xx.o(.constdata)
    Region$$Table$$Base                      0x080032c0   Number         0  anon$$obj.o(Region$$Table)
    Region$$Table$$Limit                     0x080032e0   Number         0  anon$$obj.o(Region$$Table)
    flag                                     0x20000000   Data           4  main.o(.data)
    buffer                                   0x20000004   Data           4  main.o(.data)
    uwTickFreq                               0x20000008   Data           1  stm32f1xx_hal.o(.data)
    uwTickPrio                               0x2000000c   Data           4  stm32f1xx_hal.o(.data)
    uwTick                                   0x20000010   Data           4  stm32f1xx_hal.o(.data)
    SystemCoreClock                          0x20000014   Data           4  system_stm32f1xx.o(.data)
    hadc1                                    0x20000018   Data          48  main.o(.bss)
    hdac                                     0x20000048   Data          20  main.o(.bss)
    htim3                                    0x2000005c   Data          72  main.o(.bss)
    huart1                                   0x200000a4   Data          68  main.o(.bss)
    sine_val                                 0x200000e8   Data         400  main.o(.bss)
    sendData                                 0x20000278   Data          10  main.o(.bss)
    hdma_adc1                                0x20000284   Data          68  main.o(.bss)
    hdma_dac_ch1                             0x200002c8   Data          68  main.o(.bss)
    __libspace_start                         0x2000030c   Data          96  libspace.o(.bss)
    __temporary_stack_top$libspace           0x2000036c   Data           0  libspace.o(.bss)



==============================================================================

Memory Map of the image

  Image Entry point : 0x08000121

  Load Region LR_IROM1 (Base: 0x08000000, Size: 0x000032f8, Max: 0x00020000, ABSOLUTE)

    Execution Region ER_IROM1 (Exec base: 0x08000000, Load base: 0x08000000, Size: 0x000032e0, Max: 0x00020000, ABSOLUTE)

    Exec Addr    Load Addr    Size         Type   Attr      Idx    E Section Name        Object

    0x08000000   0x08000000   0x00000120   Data   RO            3    RESET               startup_stm32f100xb.o
    0x08000120   0x08000120   0x00000008   Code   RO         3253  * !!!main             c_w.l(__main.o)
    0x08000128   0x08000128   0x00000034   Code   RO         3505    !!!scatter          c_w.l(__scatter.o)
    0x0800015c   0x0800015c   0x0000001a   Code   RO         3507    !!handler_copy      c_w.l(__scatter_copy.o)
    0x08000176   0x08000176   0x00000002   PAD
    0x08000178   0x08000178   0x0000001c   Code   RO         3509    !!handler_zi        c_w.l(__scatter_zi.o)
    0x08000194   0x08000194   0x00000000   Code   RO         3248    .ARM.Collect$$_printf_percent$$00000000  c_w.l(_printf_percent.o)
    0x08000194   0x08000194   0x00000006   Code   RO         3247    .ARM.Collect$$_printf_percent$$00000009  c_w.l(_printf_d.o)
    0x0800019a   0x0800019a   0x00000004   Code   RO         3296    .ARM.Collect$$_printf_percent$$00000017  c_w.l(_printf_percent_end.o)
    0x0800019e   0x0800019e   0x00000002   Code   RO         3376    .ARM.Collect$$libinit$$00000000  c_w.l(libinit.o)
    0x080001a0   0x080001a0   0x00000000   Code   RO         3382    .ARM.Collect$$libinit$$00000002  c_w.l(libinit2.o)
    0x080001a0   0x080001a0   0x00000000   Code   RO         3384    .ARM.Collect$$libinit$$00000004  c_w.l(libinit2.o)
    0x080001a0   0x080001a0   0x00000000   Code   RO         3387    .ARM.Collect$$libinit$$0000000A  c_w.l(libinit2.o)
    0x080001a0   0x080001a0   0x00000000   Code   RO         3389    .ARM.Collect$$libinit$$0000000C  c_w.l(libinit2.o)
    0x080001a0   0x080001a0   0x00000000   Code   RO         3391    .ARM.Collect$$libinit$$0000000E  c_w.l(libinit2.o)
    0x080001a0   0x080001a0   0x00000000   Code   RO         3394    .ARM.Collect$$libinit$$00000011  c_w.l(libinit2.o)
    0x080001a0   0x080001a0   0x00000000   Code   RO         3396    .ARM.Collect$$libinit$$00000013  c_w.l(libinit2.o)
    0x080001a0   0x080001a0   0x00000000   Code   RO         3398    .ARM.Collect$$libinit$$00000015  c_w.l(libinit2.o)
    0x080001a0   0x080001a0   0x00000000   Code   RO         3400    .ARM.Collect$$libinit$$00000017  c_w.l(libinit2.o)
    0x080001a0   0x080001a0   0x00000000   Code   RO         3402    .ARM.Collect$$libinit$$00000019  c_w.l(libinit2.o)
    0x080001a0   0x080001a0   0x00000000   Code   RO         3404    .ARM.Collect$$libinit$$0000001B  c_w.l(libinit2.o)
    0x080001a0   0x080001a0   0x00000000   Code   RO         3406    .ARM.Collect$$libinit$$0000001D  c_w.l(libinit2.o)
    0x080001a0   0x080001a0   0x00000000   Code   RO         3408    .ARM.Collect$$libinit$$0000001F  c_w.l(libinit2.o)
    0x080001a0   0x080001a0   0x00000000   Code   RO         3410    .ARM.Collect$$libinit$$00000021  c_w.l(libinit2.o)
    0x080001a0   0x080001a0   0x00000000   Code   RO         3412    .ARM.Collect$$libinit$$00000023  c_w.l(libinit2.o)
    0x080001a0   0x080001a0   0x00000000   Code   RO         3414    .ARM.Collect$$libinit$$00000025  c_w.l(libinit2.o)
    0x080001a0   0x080001a0   0x00000000   Code   RO         3418    .ARM.Collect$$libinit$$0000002C  c_w.l(libinit2.o)
    0x080001a0   0x080001a0   0x00000000   Code   RO         3420    .ARM.Collect$$libinit$$0000002E  c_w.l(libinit2.o)
    0x080001a0   0x080001a0   0x00000000   Code   RO         3422    .ARM.Collect$$libinit$$00000030  c_w.l(libinit2.o)
    0x080001a0   0x080001a0   0x00000000   Code   RO         3424    .ARM.Collect$$libinit$$00000032  c_w.l(libinit2.o)
    0x080001a0   0x080001a0   0x00000002   Code   RO         3425    .ARM.Collect$$libinit$$00000033  c_w.l(libinit2.o)
    0x080001a2   0x080001a2   0x00000002   Code   RO         3445    .ARM.Collect$$libshutdown$$00000000  c_w.l(libshutdown.o)
    0x080001a4   0x080001a4   0x00000000   Code   RO         3458    .ARM.Collect$$libshutdown$$00000002  c_w.l(libshutdown2.o)
    0x080001a4   0x080001a4   0x00000000   Code   RO         3460    .ARM.Collect$$libshutdown$$00000004  c_w.l(libshutdown2.o)
    0x080001a4   0x080001a4   0x00000000   Code   RO         3463    .ARM.Collect$$libshutdown$$00000007  c_w.l(libshutdown2.o)
    0x080001a4   0x080001a4   0x00000000   Code   RO         3466    .ARM.Collect$$libshutdown$$0000000A  c_w.l(libshutdown2.o)
    0x080001a4   0x080001a4   0x00000000   Code   RO         3468    .ARM.Collect$$libshutdown$$0000000C  c_w.l(libshutdown2.o)
    0x080001a4   0x080001a4   0x00000000   Code   RO         3471    .ARM.Collect$$libshutdown$$0000000F  c_w.l(libshutdown2.o)
    0x080001a4   0x080001a4   0x00000002   Code   RO         3472    .ARM.Collect$$libshutdown$$00000010  c_w.l(libshutdown2.o)
    0x080001a6   0x080001a6   0x00000000   Code   RO         3287    .ARM.Collect$$rtentry$$00000000  c_w.l(__rtentry.o)
    0x080001a6   0x080001a6   0x00000000   Code   RO         3333    .ARM.Collect$$rtentry$$00000002  c_w.l(__rtentry2.o)
    0x080001a6   0x080001a6   0x00000006   Code   RO         3345    .ARM.Collect$$rtentry$$00000004  c_w.l(__rtentry4.o)
    0x080001ac   0x080001ac   0x00000000   Code   RO         3335    .ARM.Collect$$rtentry$$00000009  c_w.l(__rtentry2.o)
    0x080001ac   0x080001ac   0x00000004   Code   RO         3336    .ARM.Collect$$rtentry$$0000000A  c_w.l(__rtentry2.o)
    0x080001b0   0x080001b0   0x00000000   Code   RO         3338    .ARM.Collect$$rtentry$$0000000C  c_w.l(__rtentry2.o)
    0x080001b0   0x080001b0   0x00000008   Code   RO         3339    .ARM.Collect$$rtentry$$0000000D  c_w.l(__rtentry2.o)
    0x080001b8   0x080001b8   0x00000002   Code   RO         3379    .ARM.Collect$$rtexit$$00000000  c_w.l(rtexit.o)
    0x080001ba   0x080001ba   0x00000000   Code   RO         3427    .ARM.Collect$$rtexit$$00000002  c_w.l(rtexit2.o)
    0x080001ba   0x080001ba   0x00000004   Code   RO         3428    .ARM.Collect$$rtexit$$00000003  c_w.l(rtexit2.o)
    0x080001be   0x080001be   0x00000006   Code   RO         3429    .ARM.Collect$$rtexit$$00000004  c_w.l(rtexit2.o)
    0x080001c4   0x080001c4   0x00000040   Code   RO            4    .text               startup_stm32f100xb.o
    0x08000204   0x08000204   0x00000028   Code   RO         3221    .text               c_w.l(noretval__2sprintf.o)
    0x0800022c   0x0800022c   0x00000068   Code   RO         3223    .text               c_w.l(__printf.o)
    0x08000294   0x08000294   0x00000078   Code   RO         3225    .text               c_w.l(_printf_dec.o)
    0x0800030c   0x0800030c   0x0000004e   Code   RO         3249    .text               c_w.l(rt_memclr_w.o)
    0x0800035a   0x0800035a   0x00000006   Code   RO         3251    .text               c_w.l(heapauxi.o)
    0x08000360   0x08000360   0x00000016   Code   RO         3288    .text               c_w.l(_rserrno.o)
    0x08000376   0x08000376   0x000000b2   Code   RO         3290    .text               c_w.l(_printf_intcommon.o)
    0x08000428   0x08000428   0x00000030   Code   RO         3292    .text               c_w.l(_printf_char_common.o)
    0x08000458   0x08000458   0x0000000a   Code   RO         3294    .text               c_w.l(_sputc.o)
    0x08000462   0x08000462   0x00000002   PAD
    0x08000464   0x08000464   0x00000008   Code   RO         3350    .text               c_w.l(rt_errno_addr_intlibspace.o)
    0x0800046c   0x0800046c   0x00000008   Code   RO         3364    .text               c_w.l(libspace.o)
    0x08000474   0x08000474   0x0000004a   Code   RO         3367    .text               c_w.l(sys_stackheap_outer.o)
    0x080004be   0x080004be   0x00000012   Code   RO         3369    .text               c_w.l(exit.o)
    0x080004d0   0x080004d0   0x0000000c   Code   RO         3437    .text               c_w.l(sys_exit.o)
    0x080004dc   0x080004dc   0x00000002   Code   RO         3448    .text               c_w.l(use_no_semi.o)
    0x080004de   0x080004de   0x00000000   Code   RO         3450    .text               c_w.l(indicate_semi.o)
    0x080004de   0x080004de   0x00000002   PAD
    0x080004e0   0x080004e0   0x00000056   Code   RO          383    i.ADC_ConversionStop_Disable  stm32f1xx_hal_adc.o
    0x08000536   0x08000536   0x0000004e   Code   RO          384    i.ADC_DMAConvCplt   stm32f1xx_hal_adc.o
    0x08000584   0x08000584   0x0000001a   Code   RO          385    i.ADC_DMAError      stm32f1xx_hal_adc.o
    0x0800059e   0x0800059e   0x0000000a   Code   RO          386    i.ADC_DMAHalfConvCplt  stm32f1xx_hal_adc.o
    0x080005a8   0x080005a8   0x0000007c   Code   RO          387    i.ADC_Enable        stm32f1xx_hal_adc.o
    0x08000624   0x08000624   0x00000002   Code   RO          186    i.BusFault_Handler  stm32f1xx_it.o
    0x08000626   0x08000626   0x00000010   Code   RO         1610    i.DAC_DMAConvCpltCh1  stm32f1xx_hal_dac.o
    0x08000636   0x08000636   0x00000010   Code   RO         1754    i.DAC_DMAConvCpltCh2  stm32f1xx_hal_dac_ex.o
    0x08000646   0x08000646   0x00000018   Code   RO         1611    i.DAC_DMAErrorCh1   stm32f1xx_hal_dac.o
    0x0800065e   0x0800065e   0x00000018   Code   RO         1755    i.DAC_DMAErrorCh2   stm32f1xx_hal_dac_ex.o
    0x08000676   0x08000676   0x0000000a   Code   RO         1612    i.DAC_DMAHalfConvCpltCh1  stm32f1xx_hal_dac.o
    0x08000680   0x08000680   0x0000000a   Code   RO         1756    i.DAC_DMAHalfConvCpltCh2  stm32f1xx_hal_dac_ex.o
    0x0800068a   0x0800068a   0x00000002   PAD
    0x0800068c   0x0800068c   0x0000000c   Code   RO          187    i.DMA1_Channel1_IRQHandler  stm32f1xx_it.o
    0x08000698   0x08000698   0x0000000c   Code   RO          188    i.DMA1_Channel3_IRQHandler  stm32f1xx_it.o
    0x080006a4   0x080006a4   0x0000002a   Code   RO         1013    i.DMA_SetConfig     stm32f1xx_hal_dma.o
    0x080006ce   0x080006ce   0x00000002   Code   RO          189    i.DebugMon_Handler  stm32f1xx_it.o
    0x080006d0   0x080006d0   0x00000004   Code   RO           13    i.Error_Handler     main.o
    0x080006d4   0x080006d4   0x000000fc   Code   RO          389    i.HAL_ADC_ConfigChannel  stm32f1xx_hal_adc.o
    0x080007d0   0x080007d0   0x00000002   Code   RO           14    i.HAL_ADC_ConvCpltCallback  main.o
    0x080007d2   0x080007d2   0x00000002   Code   RO          391    i.HAL_ADC_ConvHalfCpltCallback  stm32f1xx_hal_adc.o
    0x080007d4   0x080007d4   0x00000002   Code   RO          393    i.HAL_ADC_ErrorCallback  stm32f1xx_hal_adc.o
    0x080007d6   0x080007d6   0x00000002   PAD
    0x080007d8   0x080007d8   0x0000011c   Code   RO          398    i.HAL_ADC_Init      stm32f1xx_hal_adc.o
    0x080008f4   0x080008f4   0x00000090   Code   RO          275    i.HAL_ADC_MspInit   stm32f1xx_hal_msp.o
    0x08000984   0x08000984   0x000000d0   Code   RO          405    i.HAL_ADC_Start_DMA  stm32f1xx_hal_adc.o
    0x08000a54   0x08000a54   0x00000002   Code   RO         1757    i.HAL_DACEx_ConvCpltCallbackCh2  stm32f1xx_hal_dac_ex.o
    0x08000a56   0x08000a56   0x00000002   Code   RO         1758    i.HAL_DACEx_ConvHalfCpltCallbackCh2  stm32f1xx_hal_dac_ex.o
    0x08000a58   0x08000a58   0x00000002   Code   RO         1764    i.HAL_DACEx_ErrorCallbackCh2  stm32f1xx_hal_dac_ex.o
    0x08000a5a   0x08000a5a   0x00000046   Code   RO         1613    i.HAL_DAC_ConfigChannel  stm32f1xx_hal_dac.o
    0x08000aa0   0x08000aa0   0x00000002   Code   RO         1614    i.HAL_DAC_ConvCpltCallbackCh1  stm32f1xx_hal_dac.o
    0x08000aa2   0x08000aa2   0x00000002   Code   RO         1615    i.HAL_DAC_ConvHalfCpltCallbackCh1  stm32f1xx_hal_dac.o
    0x08000aa4   0x08000aa4   0x00000002   Code   RO         1618    i.HAL_DAC_ErrorCallbackCh1  stm32f1xx_hal_dac.o
    0x08000aa6   0x08000aa6   0x00000028   Code   RO         1623    i.HAL_DAC_Init      stm32f1xx_hal_dac.o
    0x08000ace   0x08000ace   0x00000002   PAD
    0x08000ad0   0x08000ad0   0x0000009c   Code   RO          277    i.HAL_DAC_MspInit   stm32f1xx_hal_msp.o
    0x08000b6c   0x08000b6c   0x00000110   Code   RO         1628    i.HAL_DAC_Start_DMA  stm32f1xx_hal_dac.o
    0x08000c7c   0x08000c7c   0x00000154   Code   RO         1019    i.HAL_DMA_IRQHandler  stm32f1xx_hal_dma.o
    0x08000dd0   0x08000dd0   0x0000005c   Code   RO         1020    i.HAL_DMA_Init      stm32f1xx_hal_dma.o
    0x08000e2c   0x08000e2c   0x00000070   Code   RO         1024    i.HAL_DMA_Start_IT  stm32f1xx_hal_dma.o
    0x08000e9c   0x08000e9c   0x000001e0   Code   RO          950    i.HAL_GPIO_Init     stm32f1xx_hal_gpio.o
    0x0800107c   0x0800107c   0x0000000c   Code   RO          646    i.HAL_GetTick       stm32f1xx_hal.o
    0x08001088   0x08001088   0x00000010   Code   RO          652    i.HAL_IncTick       stm32f1xx_hal.o
    0x08001098   0x08001098   0x00000016   Code   RO          653    i.HAL_Init          stm32f1xx_hal.o
    0x080010ae   0x080010ae   0x00000002   PAD
    0x080010b0   0x080010b0   0x00000040   Code   RO          654    i.HAL_InitTick      stm32f1xx_hal.o
    0x080010f0   0x080010f0   0x0000003c   Code   RO          278    i.HAL_MspInit       stm32f1xx_hal_msp.o
    0x0800112c   0x0800112c   0x0000001a   Code   RO         1110    i.HAL_NVIC_EnableIRQ  stm32f1xx_hal_cortex.o
    0x08001146   0x08001146   0x00000002   PAD
    0x08001148   0x08001148   0x00000040   Code   RO         1116    i.HAL_NVIC_SetPriority  stm32f1xx_hal_cortex.o
    0x08001188   0x08001188   0x00000024   Code   RO         1117    i.HAL_NVIC_SetPriorityGrouping  stm32f1xx_hal_cortex.o
    0x080011ac   0x080011ac   0x000000dc   Code   RO          913    i.HAL_RCCEx_PeriphCLKConfig  stm32f1xx_hal_rcc_ex.o
    0x08001288   0x08001288   0x000000e8   Code   RO          810    i.HAL_RCC_ClockConfig  stm32f1xx_hal_rcc.o
    0x08001370   0x08001370   0x00000020   Code   RO          817    i.HAL_RCC_GetPCLK1Freq  stm32f1xx_hal_rcc.o
    0x08001390   0x08001390   0x00000020   Code   RO          818    i.HAL_RCC_GetPCLK2Freq  stm32f1xx_hal_rcc.o
    0x080013b0   0x080013b0   0x0000007c   Code   RO          819    i.HAL_RCC_GetSysClockFreq  stm32f1xx_hal_rcc.o
    0x0800142c   0x0800142c   0x00000320   Code   RO          822    i.HAL_RCC_OscConfig  stm32f1xx_hal_rcc.o
    0x0800174c   0x0800174c   0x00000028   Code   RO         1121    i.HAL_SYSTICK_Config  stm32f1xx_hal_cortex.o
    0x08001774   0x08001774   0x00000074   Code   RO         2575    i.HAL_TIMEx_MasterConfigSynchronization  stm32f1xx_hal_tim_ex.o
    0x080017e8   0x080017e8   0x0000005a   Code   RO         1852    i.HAL_TIM_Base_Init  stm32f1xx_hal_tim.o
    0x08001842   0x08001842   0x00000002   PAD
    0x08001844   0x08001844   0x00000028   Code   RO          280    i.HAL_TIM_Base_MspInit  stm32f1xx_hal_msp.o
    0x0800186c   0x0800186c   0x00000058   Code   RO         1855    i.HAL_TIM_Base_Start  stm32f1xx_hal_tim.o
    0x080018c4   0x080018c4   0x000000d6   Code   RO         1861    i.HAL_TIM_ConfigClockSource  stm32f1xx_hal_tim.o
    0x0800199a   0x0800199a   0x00000062   Code   RO         2852    i.HAL_UART_Init     stm32f1xx_hal_uart.o
    0x080019fc   0x080019fc   0x00000070   Code   RO          282    i.HAL_UART_MspInit  stm32f1xx_hal_msp.o
    0x08001a6c   0x08001a6c   0x000000b2   Code   RO         2860    i.HAL_UART_Transmit  stm32f1xx_hal_uart.o
    0x08001b1e   0x08001b1e   0x00000002   Code   RO          190    i.HardFault_Handler  stm32f1xx_it.o
    0x08001b20   0x08001b20   0x0000004c   Code   RO           15    i.MX_ADC1_Init      main.o
    0x08001b6c   0x08001b6c   0x00000064   Code   RO           16    i.MX_TIM3_Init      main.o
    0x08001bd0   0x08001bd0   0x00000002   Code   RO          191    i.MemManage_Handler  stm32f1xx_it.o
    0x08001bd2   0x08001bd2   0x00000002   Code   RO          192    i.NMI_Handler       stm32f1xx_it.o
    0x08001bd4   0x08001bd4   0x00000002   Code   RO          193    i.PendSV_Handler    stm32f1xx_it.o
    0x08001bd6   0x08001bd6   0x00000002   Code   RO          194    i.SVC_Handler       stm32f1xx_it.o
    0x08001bd8   0x08001bd8   0x00000004   Code   RO          195    i.SysTick_Handler   stm32f1xx_it.o
    0x08001bdc   0x08001bdc   0x00000066   Code   RO           17    i.SystemClock_Config  main.o
    0x08001c42   0x08001c42   0x00000002   Code   RO         3181    i.SystemInit        system_stm32f1xx.o
    0x08001c44   0x08001c44   0x00000098   Code   RO         1945    i.TIM_Base_SetConfig  stm32f1xx_hal_tim.o
    0x08001cdc   0x08001cdc   0x00000014   Code   RO         1956    i.TIM_ETR_SetConfig  stm32f1xx_hal_tim.o
    0x08001cf0   0x08001cf0   0x00000010   Code   RO         1957    i.TIM_ITRx_SetConfig  stm32f1xx_hal_tim.o
    0x08001d00   0x08001d00   0x00000022   Code   RO         1963    i.TIM_TI1_ConfigInputStage  stm32f1xx_hal_tim.o
    0x08001d22   0x08001d22   0x00000024   Code   RO         1965    i.TIM_TI2_ConfigInputStage  stm32f1xx_hal_tim.o
    0x08001d46   0x08001d46   0x00000002   PAD
    0x08001d48   0x08001d48   0x0000011c   Code   RO         2878    i.UART_SetConfig    stm32f1xx_hal_uart.o
    0x08001e64   0x08001e64   0x00000064   Code   RO         2881    i.UART_WaitOnFlagUntilTimeout  stm32f1xx_hal_uart.o
    0x08001ec8   0x08001ec8   0x00000002   Code   RO          196    i.UsageFault_Handler  stm32f1xx_it.o
    0x08001eca   0x08001eca   0x00000028   Code   RO         3360    i.__ARM_fpclassify  m_ws.l(fpclassify.o)
    0x08001ef2   0x08001ef2   0x00000020   Code   RO         1123    i.__NVIC_SetPriority  stm32f1xx_hal_cortex.o
    0x08001f12   0x08001f12   0x00000002   PAD
    0x08001f14   0x08001f14   0x00000388   Code   RO         3321    i.__ieee754_rem_pio2  m_ws.l(rred.o)
    0x0800229c   0x0800229c   0x000000fc   Code   RO         3304    i.__kernel_cos      m_ws.l(cos_i.o)
    0x08002398   0x08002398   0x000000aa   Code   RO         3362    i.__kernel_poly     m_ws.l(poly.o)
    0x08002442   0x08002442   0x00000002   PAD
    0x08002444   0x08002444   0x000000ec   Code   RO         3326    i.__kernel_sin      m_ws.l(sin_i.o)
    0x08002530   0x08002530   0x00000006   Code   RO         3308    i.__mathlib_dbl_infnan  m_ws.l(dunder.o)
    0x08002536   0x08002536   0x0000000c   Code   RO         3310    i.__mathlib_dbl_invalid  m_ws.l(dunder.o)
    0x08002542   0x08002542   0x00000002   PAD
    0x08002544   0x08002544   0x00000010   Code   RO         3313    i.__mathlib_dbl_underflow  m_ws.l(dunder.o)
    0x08002554   0x08002554   0x00000064   Code   RO           18    i.calcsin           main.o
    0x080025b8   0x080025b8   0x00000134   Code   RO           19    i.main              main.o
    0x080026ec   0x080026ec   0x000000a0   Code   RO         3280    i.sin               m_ws.l(sin.o)
    0x0800278c   0x0800278c   0x00000150   Code   RO         3255    x$fpl$dadd          fz_ws.l(daddsub_clz.o)
    0x080028dc   0x080028dc   0x00000010   Code   RO         3297    x$fpl$dcheck1       fz_ws.l(dcheck1.o)
    0x080028ec   0x080028ec   0x000002b0   Code   RO         3262    x$fpl$ddiv          fz_ws.l(ddiv.o)
    0x08002b9c   0x08002b9c   0x0000005e   Code   RO         3354    x$fpl$dfix          fz_ws.l(dfix.o)
    0x08002bfa   0x08002bfa   0x00000002   PAD
    0x08002bfc   0x08002bfc   0x0000005a   Code   RO         3265    x$fpl$dfixu         fz_ws.l(dfixu.o)
    0x08002c56   0x08002c56   0x0000002e   Code   RO         3270    x$fpl$dflt          fz_ws.l(dflt_clz.o)
    0x08002c84   0x08002c84   0x00000026   Code   RO         3269    x$fpl$dfltu         fz_ws.l(dflt_clz.o)
    0x08002caa   0x08002caa   0x00000002   PAD
    0x08002cac   0x08002cac   0x00000154   Code   RO         3275    x$fpl$dmul          fz_ws.l(dmul.o)
    0x08002e00   0x08002e00   0x0000009c   Code   RO         3299    x$fpl$dnaninf       fz_ws.l(dnaninf.o)
    0x08002e9c   0x08002e9c   0x0000000c   Code   RO         3301    x$fpl$dretinf       fz_ws.l(dretinf.o)
    0x08002ea8   0x08002ea8   0x00000016   Code   RO         3256    x$fpl$drsb          fz_ws.l(daddsub_clz.o)
    0x08002ebe   0x08002ebe   0x00000002   PAD
    0x08002ec0   0x08002ec0   0x000001d4   Code   RO         3257    x$fpl$dsub          fz_ws.l(daddsub_clz.o)
    0x08003094   0x08003094   0x00000064   Code   RO         3358    x$fpl$retnan        fz_ws.l(retnan.o)
    0x080030f8   0x080030f8   0x0000005c   Code   RO         3277    x$fpl$scalbn        fz_ws.l(scalbn.o)
    0x08003154   0x08003154   0x00000030   Code   RO         3377    x$fpl$trapveneer    fz_ws.l(trapv.o)
    0x08003184   0x08003184   0x00000000   Code   RO         3303    x$fpl$usenofp       fz_ws.l(usenofp.o)
    0x08003184   0x08003184   0x00000010   Data   RO         3182    .constdata          system_stm32f1xx.o
    0x08003194   0x08003194   0x00000008   Data   RO         3183    .constdata          system_stm32f1xx.o
    0x0800319c   0x0800319c   0x00000004   PAD
    0x080031a0   0x080031a0   0x00000030   Data   RO         3305    .constdata          m_ws.l(cos_i.o)
    0x080031d0   0x080031d0   0x000000c8   Data   RO         3323    .constdata          m_ws.l(rred.o)
    0x08003298   0x08003298   0x00000028   Data   RO         3327    .constdata          m_ws.l(sin_i.o)
    0x080032c0   0x080032c0   0x00000020   Data   RO         3503    Region$$Table       anon$$obj.o


    Execution Region RW_IRAM1 (Exec base: 0x20000000, Load base: 0x080032e0, Size: 0x00000970, Max: 0x00002000, ABSOLUTE)

    Exec Addr    Load Addr    Size         Type   Attr      Idx    E Section Name        Object

    0x20000000   0x080032e0   0x00000008   Data   RW           23    .data               main.o
    0x20000008   0x080032e8   0x0000000c   Data   RW          660    .data               stm32f1xx_hal.o
    0x20000014   0x080032f4   0x00000004   Data   RW         3184    .data               system_stm32f1xx.o
    0x20000018        -       0x0000026a   Zero   RW           20    .bss                main.o
    0x20000282   0x080032f8   0x00000002   PAD
    0x20000284        -       0x00000044   Zero   RW           21    .bss                main.o
    0x200002c8        -       0x00000044   Zero   RW           22    .bss                main.o
    0x2000030c        -       0x00000060   Zero   RW         3365    .bss                c_w.l(libspace.o)
    0x2000036c   0x080032f8   0x00000004   PAD
    0x20000370        -       0x00000200   Zero   RW            2    HEAP                startup_stm32f100xb.o
    0x20000570        -       0x00000400   Zero   RW            1    STACK               startup_stm32f100xb.o


==============================================================================

Image component sizes


      Code (inc. data)   RO Data    RW Data    ZI Data      Debug   Object Name

       692         70          0          8        754     300973   main.o
        64         26        288          0       1536        784   startup_stm32f100xb.o
       114         20          0         12          0       5429   stm32f1xx_hal.o
      1072         48          0          0          0       7671   stm32f1xx_hal_adc.o
       198         14          0          0          0      28779   stm32f1xx_hal_cortex.o
       438         26          0          0          0       6078   stm32f1xx_hal_dac.o
        56          0          0          0          0       3565   stm32f1xx_hal_dac_ex.o
       586         32          0          0          0       3467   stm32f1xx_hal_dma.o
       480         34          0          0          0       2208   stm32f1xx_hal_gpio.o
       512         76          0          0          0       3537   stm32f1xx_hal_msp.o
      1220        108          0          0          0       4948   stm32f1xx_hal_rcc.o
       220         14          0          0          0       1312   stm32f1xx_hal_rcc_ex.o
       650         42          0          0          0       6420   stm32f1xx_hal_tim.o
       116         18          0          0          0       1272   stm32f1xx_hal_tim_ex.o
       660          6          0          0          0       3868   stm32f1xx_hal_uart.o
        44         12          0          0          0       4484   stm32f1xx_it.o
         2          0         24          4          0       1035   system_stm32f1xx.o

    ----------------------------------------------------------------------
      7140        546        348         24       2292     385830   Object Totals
         0          0         32          0          0          0   (incl. Generated)
        16          0          4          0          2          0   (incl. Padding)

    ----------------------------------------------------------------------

      Code (inc. data)   RO Data    RW Data    ZI Data      Debug   Library Member Name

         8          0          0          0          0         68   __main.o
       104          0          0          0          0         84   __printf.o
         0          0          0          0          0          0   __rtentry.o
        12          0          0          0          0          0   __rtentry2.o
         6          0          0          0          0          0   __rtentry4.o
        52          8          0          0          0          0   __scatter.o
        26          0          0          0          0          0   __scatter_copy.o
        28          0          0          0          0          0   __scatter_zi.o
        48          6          0          0          0         96   _printf_char_common.o
         6          0          0          0          0          0   _printf_d.o
       120         16          0          0          0         92   _printf_dec.o
       178          0          0          0          0         88   _printf_intcommon.o
         0          0          0          0          0          0   _printf_percent.o
         4          0          0          0          0          0   _printf_percent_end.o
        22          0          0          0          0        100   _rserrno.o
        10          0          0          0          0         68   _sputc.o
        18          0          0          0          0         80   exit.o
         6          0          0          0          0        152   heapauxi.o
         0          0          0          0          0          0   indicate_semi.o
         2          0          0          0          0          0   libinit.o
         2          0          0          0          0          0   libinit2.o
         2          0          0          0          0          0   libshutdown.o
         2          0          0          0          0          0   libshutdown2.o
         8          4          0          0         96         68   libspace.o
        40          6          0          0          0         84   noretval__2sprintf.o
         8          4          0          0          0         68   rt_errno_addr_intlibspace.o
        78          0          0          0          0         80   rt_memclr_w.o
         2          0          0          0          0          0   rtexit.o
        10          0          0          0          0          0   rtexit2.o
        12          4          0          0          0         68   sys_exit.o
        74          0          0          0          0         80   sys_stackheap_outer.o
         2          0          0          0          0         68   use_no_semi.o
       826         16          0          0          0        348   daddsub_clz.o
        16          4          0          0          0         68   dcheck1.o
       688        140          0          0          0        208   ddiv.o
        94          4          0          0          0         92   dfix.o
        90          4          0          0          0         92   dfixu.o
        84          0          0          0          0        136   dflt_clz.o
       340         12          0          0          0        104   dmul.o
       156          4          0          0          0         92   dnaninf.o
        12          0          0          0          0         68   dretinf.o
       100          0          0          0          0         68   retnan.o
        92          0          0          0          0         68   scalbn.o
        48          0          0          0          0         68   trapv.o
         0          0          0          0          0          0   usenofp.o
       252         22         48          0          0        124   cos_i.o
        34          6          0          0          0        204   dunder.o
        40          0          0          0          0         68   fpclassify.o
       170          0          0          0          0         96   poly.o
       904         76        200          0          0        140   rred.o
       160         10          0          0          0        108   sin.o
       236         12         40          0          0        128   sin_i.o

    ----------------------------------------------------------------------
      5248        358        288          0        100       3624   Library Totals
        16          0          0          0          4          0   (incl. Padding)

    ----------------------------------------------------------------------

      Code (inc. data)   RO Data    RW Data    ZI Data      Debug   Library Name

       890         48          0          0         96       1344   c_w.l
      2546        184          0          0          0       1412   fz_ws.l
      1796        126        288          0          0        868   m_ws.l

    ----------------------------------------------------------------------
      5248        358        288          0        100       3624   Library Totals

    ----------------------------------------------------------------------

==============================================================================


      Code (inc. data)   RO Data    RW Data    ZI Data      Debug   

     12388        904        636         24       2392     383626   Grand Totals
     12388        904        636         24       2392     383626   ELF Image Totals
     12388        904        636         24          0          0   ROM Totals

==============================================================================

    Total RO  Size (Code + RO Data)                13024 (  12.72kB)
    Total RW  Size (RW Data + ZI Data)              2416 (   2.36kB)
    Total ROM Size (Code + RO Data + RW Data)      13048 (  12.74kB)

==============================================================================

